Archive member included to satisfy reference by file (symbol)

c:/program files (x86)/atmel/studio/7.0/toolchain/avr8/avr8-gnu-toolchain/bin/../lib/gcc/avr/5.4.0/../../../../avr/lib/avr51\libm.a(addsf3.o)
                              src/main.o (__addsf3)
c:/program files (x86)/atmel/studio/7.0/toolchain/avr8/avr8-gnu-toolchain/bin/../lib/gcc/avr/5.4.0/../../../../avr/lib/avr51\libm.a(addsf3x.o)
                              c:/program files (x86)/atmel/studio/7.0/toolchain/avr8/avr8-gnu-toolchain/bin/../lib/gcc/avr/5.4.0/../../../../avr/lib/avr51\libm.a(addsf3.o) (__addsf3x)
c:/program files (x86)/atmel/studio/7.0/toolchain/avr8/avr8-gnu-toolchain/bin/../lib/gcc/avr/5.4.0/../../../../avr/lib/avr51\libm.a(cmpsf2.o)
                              src/main.o (__ltsf2)
c:/program files (x86)/atmel/studio/7.0/toolchain/avr8/avr8-gnu-toolchain/bin/../lib/gcc/avr/5.4.0/../../../../avr/lib/avr51\libm.a(divsf3.o)
                              src/main.o (__divsf3)
c:/program files (x86)/atmel/studio/7.0/toolchain/avr8/avr8-gnu-toolchain/bin/../lib/gcc/avr/5.4.0/../../../../avr/lib/avr51\libm.a(divsf3x.o)
                              c:/program files (x86)/atmel/studio/7.0/toolchain/avr8/avr8-gnu-toolchain/bin/../lib/gcc/avr/5.4.0/../../../../avr/lib/avr51\libm.a(divsf3.o) (__divsf3x)
c:/program files (x86)/atmel/studio/7.0/toolchain/avr8/avr8-gnu-toolchain/bin/../lib/gcc/avr/5.4.0/../../../../avr/lib/avr51\libm.a(fixsfsi.o)
                              src/main.o (__fixsfsi)
c:/program files (x86)/atmel/studio/7.0/toolchain/avr8/avr8-gnu-toolchain/bin/../lib/gcc/avr/5.4.0/../../../../avr/lib/avr51\libm.a(fixunssfsi.o)
                              src/main.o (__fixunssfsi)
c:/program files (x86)/atmel/studio/7.0/toolchain/avr8/avr8-gnu-toolchain/bin/../lib/gcc/avr/5.4.0/../../../../avr/lib/avr51\libm.a(floatsisf.o)
                              src/main.o (__floatunsisf)
c:/program files (x86)/atmel/studio/7.0/toolchain/avr8/avr8-gnu-toolchain/bin/../lib/gcc/avr/5.4.0/../../../../avr/lib/avr51\libm.a(fp_cmp.o)
                              c:/program files (x86)/atmel/studio/7.0/toolchain/avr8/avr8-gnu-toolchain/bin/../lib/gcc/avr/5.4.0/../../../../avr/lib/avr51\libm.a(cmpsf2.o) (__fp_cmp)
c:/program files (x86)/atmel/studio/7.0/toolchain/avr8/avr8-gnu-toolchain/bin/../lib/gcc/avr/5.4.0/../../../../avr/lib/avr51\libm.a(fp_inf.o)
                              c:/program files (x86)/atmel/studio/7.0/toolchain/avr8/avr8-gnu-toolchain/bin/../lib/gcc/avr/5.4.0/../../../../avr/lib/avr51\libm.a(addsf3x.o) (__fp_inf)
c:/program files (x86)/atmel/studio/7.0/toolchain/avr8/avr8-gnu-toolchain/bin/../lib/gcc/avr/5.4.0/../../../../avr/lib/avr51\libm.a(fp_nan.o)
                              c:/program files (x86)/atmel/studio/7.0/toolchain/avr8/avr8-gnu-toolchain/bin/../lib/gcc/avr/5.4.0/../../../../avr/lib/avr51\libm.a(addsf3x.o) (__fp_nan)
c:/program files (x86)/atmel/studio/7.0/toolchain/avr8/avr8-gnu-toolchain/bin/../lib/gcc/avr/5.4.0/../../../../avr/lib/avr51\libm.a(fp_pscA.o)
                              c:/program files (x86)/atmel/studio/7.0/toolchain/avr8/avr8-gnu-toolchain/bin/../lib/gcc/avr/5.4.0/../../../../avr/lib/avr51\libm.a(addsf3x.o) (__fp_pscA)
c:/program files (x86)/atmel/studio/7.0/toolchain/avr8/avr8-gnu-toolchain/bin/../lib/gcc/avr/5.4.0/../../../../avr/lib/avr51\libm.a(fp_pscB.o)
                              c:/program files (x86)/atmel/studio/7.0/toolchain/avr8/avr8-gnu-toolchain/bin/../lib/gcc/avr/5.4.0/../../../../avr/lib/avr51\libm.a(addsf3x.o) (__fp_pscB)
c:/program files (x86)/atmel/studio/7.0/toolchain/avr8/avr8-gnu-toolchain/bin/../lib/gcc/avr/5.4.0/../../../../avr/lib/avr51\libm.a(fp_round.o)
                              c:/program files (x86)/atmel/studio/7.0/toolchain/avr8/avr8-gnu-toolchain/bin/../lib/gcc/avr/5.4.0/../../../../avr/lib/avr51\libm.a(addsf3.o) (__fp_round)
c:/program files (x86)/atmel/studio/7.0/toolchain/avr8/avr8-gnu-toolchain/bin/../lib/gcc/avr/5.4.0/../../../../avr/lib/avr51\libm.a(fp_split3.o)
                              c:/program files (x86)/atmel/studio/7.0/toolchain/avr8/avr8-gnu-toolchain/bin/../lib/gcc/avr/5.4.0/../../../../avr/lib/avr51\libm.a(addsf3x.o) (__fp_split3)
c:/program files (x86)/atmel/studio/7.0/toolchain/avr8/avr8-gnu-toolchain/bin/../lib/gcc/avr/5.4.0/../../../../avr/lib/avr51\libm.a(fp_zero.o)
                              c:/program files (x86)/atmel/studio/7.0/toolchain/avr8/avr8-gnu-toolchain/bin/../lib/gcc/avr/5.4.0/../../../../avr/lib/avr51\libm.a(addsf3x.o) (__fp_zero)
c:/program files (x86)/atmel/studio/7.0/toolchain/avr8/avr8-gnu-toolchain/bin/../lib/gcc/avr/5.4.0/../../../../avr/lib/avr51\libm.a(mulsf3.o)
                              src/main.o (__mulsf3)
c:/program files (x86)/atmel/studio/7.0/toolchain/avr8/avr8-gnu-toolchain/bin/../lib/gcc/avr/5.4.0/../../../../avr/lib/avr51\libm.a(mulsf3x.o)
                              c:/program files (x86)/atmel/studio/7.0/toolchain/avr8/avr8-gnu-toolchain/bin/../lib/gcc/avr/5.4.0/../../../../avr/lib/avr51\libm.a(mulsf3.o) (__mulsf3x)
c:/program files (x86)/atmel/studio/7.0/toolchain/avr8/avr8-gnu-toolchain/bin/../lib/gcc/avr/5.4.0/avr51\libgcc.a(_udivmodqi4.o)
                              src/main.o (__udivmodqi4)
c:/program files (x86)/atmel/studio/7.0/toolchain/avr8/avr8-gnu-toolchain/bin/../lib/gcc/avr/5.4.0/avr51\libgcc.a(_udivmodhi4.o)
                              src/main.o (__udivmodhi4)
c:/program files (x86)/atmel/studio/7.0/toolchain/avr8/avr8-gnu-toolchain/bin/../lib/gcc/avr/5.4.0/avr51\libgcc.a(_exit.o)
                              C:/Program Files (x86)/Atmel/Studio/7.0/Packs/atmel/ATmega_DFP/1.2.209/gcc/dev/atmega128/avr51/crtatmega128.o (exit)
c:/program files (x86)/atmel/studio/7.0/toolchain/avr8/avr8-gnu-toolchain/bin/../lib/gcc/avr/5.4.0/avr51\libgcc.a(_tablejump2.o)
                              src/main.o (__tablejump2__)
c:/program files (x86)/atmel/studio/7.0/toolchain/avr8/avr8-gnu-toolchain/bin/../lib/gcc/avr/5.4.0/avr51\libgcc.a(_copy_data.o)
                              src/main.o (__do_copy_data)
c:/program files (x86)/atmel/studio/7.0/toolchain/avr8/avr8-gnu-toolchain/bin/../lib/gcc/avr/5.4.0/avr51\libgcc.a(_clear_bss.o)
                              src/main.o (__do_clear_bss)
c:/program files (x86)/atmel/studio/7.0/toolchain/avr8/avr8-gnu-toolchain/bin/../lib/gcc/avr/5.4.0/../../../../avr/lib/avr51\libc.a(strcpy.o)
                              src/main.o (strcpy)
c:/program files (x86)/atmel/studio/7.0/toolchain/avr8/avr8-gnu-toolchain/bin/../lib/gcc/avr/5.4.0/../../../../avr/lib/avr51\libc.a(itoa_ncheck.o)
                              src/main.o (__itoa_ncheck)
c:/program files (x86)/atmel/studio/7.0/toolchain/avr8/avr8-gnu-toolchain/bin/../lib/gcc/avr/5.4.0/../../../../avr/lib/avr51\libc.a(utoa_ncheck.o)
                              c:/program files (x86)/atmel/studio/7.0/toolchain/avr8/avr8-gnu-toolchain/bin/../lib/gcc/avr/5.4.0/../../../../avr/lib/avr51\libc.a(itoa_ncheck.o) (__utoa_common)
c:/program files (x86)/atmel/studio/7.0/toolchain/avr8/avr8-gnu-toolchain/bin/../lib/gcc/avr/5.4.0/../../../../avr/lib/avr51\libc.a(strrev.o)
                              c:/program files (x86)/atmel/studio/7.0/toolchain/avr8/avr8-gnu-toolchain/bin/../lib/gcc/avr/5.4.0/../../../../avr/lib/avr51\libc.a(utoa_ncheck.o) (strrev)
C:/Program Files (x86)/Atmel/Studio/7.0/Packs/atmel/ATmega_DFP/1.2.209/gcc/dev/atmega128/avr51\libatmega128.a(eerd_byte.o)
                              src/main.o (eeprom_read_byte)
C:/Program Files (x86)/Atmel/Studio/7.0/Packs/atmel/ATmega_DFP/1.2.209/gcc/dev/atmega128/avr51\libatmega128.a(eerd_word.o)
                              src/main.o (eeprom_read_word)
C:/Program Files (x86)/Atmel/Studio/7.0/Packs/atmel/ATmega_DFP/1.2.209/gcc/dev/atmega128/avr51\libatmega128.a(eewr_byte.o)
                              src/main.o (eeprom_write_byte)
C:/Program Files (x86)/Atmel/Studio/7.0/Packs/atmel/ATmega_DFP/1.2.209/gcc/dev/atmega128/avr51\libatmega128.a(eewr_word.o)
                              src/main.o (eeprom_write_word)
C:/Program Files (x86)/Atmel/Studio/7.0/Packs/atmel/ATmega_DFP/1.2.209/gcc/dev/atmega128/avr51\libatmega128.a(eerd_block.o)
                              C:/Program Files (x86)/Atmel/Studio/7.0/Packs/atmel/ATmega_DFP/1.2.209/gcc/dev/atmega128/avr51\libatmega128.a(eerd_word.o) (eeprom_read_blraw)

Allocating common symbols
Common symbol       size              file

StopString          0x24              src/main.o
rtc_register        0x7               src/main.o
uchar               0x3               src/main.o
DataContent         0x24              src/main.o
data_in             0x23              src/main.o
FHUM                0x2               src/main.o
tot_overflow        0x2               src/main.o
Did                 0x2               src/main.o
VOLT                0x4               src/main.o
aE                  0x4b              src/main.o
time                0xa               src/main.o
cnttime             0x1               src/main.o
day                 0x1               src/main.o
ADAVGCNTR2          0x2               src/main.o
date                0xc               src/main.o
gSensorIDs          0x28              src/main.o
ch                  0xa               src/main.o
ADAVGCNTR3          0x2               src/main.o

Discarded input sections

 .data          0x00000000        0x0 C:/Program Files (x86)/Atmel/Studio/7.0/Packs/atmel/ATmega_DFP/1.2.209/gcc/dev/atmega128/avr51/crtatmega128.o
 .bss           0x00000000        0x0 C:/Program Files (x86)/Atmel/Studio/7.0/Packs/atmel/ATmega_DFP/1.2.209/gcc/dev/atmega128/avr51/crtatmega128.o
 .text          0x00000000        0x0 src/ASF/mega/boards/stk600/rcx_x/init.o
 .data          0x00000000        0x0 src/ASF/mega/boards/stk600/rcx_x/init.o
 .bss           0x00000000        0x0 src/ASF/mega/boards/stk600/rcx_x/init.o
 .text.board_init
                0x00000000        0x2 src/ASF/mega/boards/stk600/rcx_x/init.o
 .comment       0x00000000       0x31 src/ASF/mega/boards/stk600/rcx_x/init.o
 .text          0x00000000        0x0 src/main.o
 .data          0x00000000        0x0 src/main.o
 .bss           0x00000000        0x0 src/main.o
 .text.delay_us
                0x00000000        0x2 src/main.o
 .text.delay_ms
                0x00000000       0x12 src/main.o
 .text.lcdHome  0x00000000        0x6 src/main.o
 .text.lcdGotoXY
                0x00000000       0x1c src/main.o
 .text.take_value
                0x00000000       0x1e src/main.o
 .text.take_value2
                0x00000000        0x6 src/main.o
 .text.ow_input_pin_state
                0x00000000        0x6 src/main.o
 .text.ow_input_pin_state2
                0x00000000        0x6 src/main.o
 .text.i2c_stop
                0x00000000        0x8 src/main.o
 .text.RTC_setStartAddress
                0x00000000       0x20 src/main.o
 .text.RTC_updateTime
                0x00000000       0x30 src/main.o
 .text.RTC_updateDate
                0x00000000       0x4a src/main.o
 .text.USART_Receive
                0x00000000        0x8 src/main.o
 .text.USART_Init_Second
                0x00000000       0x20 src/main.o
 .text.USART_transmit_Second
                0x00000000        0xe src/main.o
 .text.USART_TransmitString_Second
                0x00000000       0x3a src/main.o
 .text.ClearCommandBuffer
                0x00000000        0x8 src/main.o
 .text.delay_int
                0x00000000       0x10 src/main.o
 .text.dht_getdata
                0x00000000      0x182 src/main.o
 .text.dht_gettemperaturehumidity
                0x00000000        0x4 src/main.o
 .text.disp_time_ac
                0x00000000       0x32 src/main.o
 .text.external_interrupt_off
                0x00000000       0x14 src/main.o
 .text.init_internaleeprom2
                0x00000000       0x9c src/main.o
 .bss.humidity  0x00000000        0x1 src/main.o
 .bss.temperature
                0x00000000        0x1 src/main.o
 .bss.ACMAN     0x00000000        0x1 src/main.o
 .bss.FANMAN    0x00000000        0x1 src/main.o
 .bss.MAN       0x00000000        0x1 src/main.o
 .bss.DATASTART
                0x00000000        0x2 src/main.o
 .bss.TEST_CNTR_1
                0x00000000        0x2 src/main.o
 .bss.DV_ID     0x00000000        0x1 src/main.o
 .bss.TTT       0x00000000        0x1 src/main.o
 .bss.MinAC     0x00000000        0x1 src/main.o
 .bss.ACSRE     0x00000000        0x1 src/main.o
 .bss.ACMRE     0x00000000        0x1 src/main.o
 .bss.ACHRE     0x00000000        0x1 src/main.o
 .bss.ACS       0x00000000        0x1 src/main.o
 .bss.ACM       0x00000000        0x1 src/main.o
 .bss.ACH       0x00000000        0x1 src/main.o
 .bss.ACST      0x00000000        0x1 src/main.o
 .bss.ACON      0x00000000        0x1 src/main.o
 .bss.ACHIGH    0x00000000        0x1 src/main.o
 .bss.HUM_SET   0x00000000        0x1 src/main.o
 .bss.Speed     0x00000000        0x2 src/main.o
 .bss.HUMIDITY  0x00000000        0x1 src/main.o
 .bss.blinkH    0x00000000        0x1 src/main.o
 .bss.blink_AC  0x00000000        0x1 src/main.o
 .bss.SECDISPCNT
                0x00000000        0x1 src/main.o
 .bss.SECDISP   0x00000000        0x1 src/main.o
 .bss.rnfst     0x00000000        0x1 src/main.o
 .bss.sub_btn   0x00000000        0x1 src/main.o
 .bss.cntF2     0x00000000        0x2 src/main.o
 .bss.cntF1     0x00000000        0x2 src/main.o
 .bss.FF        0x00000000        0x2 src/main.o
 .bss.BATTVAL   0x00000000        0x2 src/main.o
 .bss.PDB_val_temp
                0x00000000        0x2 src/main.o
 .bss.PDBCHKCNTR2
                0x00000000        0x2 src/main.o
 .bss.FF_temp   0x00000000        0x2 src/main.o
 .bss.FF_AVG    0x00000000        0x2 src/main.o
 .bss.FF_VAL    0x00000000        0x2 src/main.o
 .bss.ACDL      0x00000000        0x2 src/main.o
 .bss.PWM       0x00000000        0x2 src/main.o
 .bss.AC_OF_CNTR2
                0x00000000        0x2 src/main.o
 .bss.AC_OF_CNTR1
                0x00000000        0x2 src/main.o
 .bss.ACFAIL    0x00000000        0x2 src/main.o
 .bss.EXT_CNTR2
                0x00000000        0x2 src/main.o
 .bss.EXT_CNTR1
                0x00000000        0x2 src/main.o
 .bss.comPo_cntr2
                0x00000000        0x2 src/main.o
 .bss.comPo_cntr1
                0x00000000        0x2 src/main.o
 .bss.HUM_DH    0x00000000        0x2 src/main.o
 .bss.Temp_VALUE2
                0x00000000        0x2 src/main.o
 .bss.tmp_Menu3
                0x00000000        0x2 src/main.o
 .bss.tmp_Menu2
                0x00000000        0x2 src/main.o
 .bss.tmp_Menu1
                0x00000000        0x2 src/main.o
 .bss.MODE      0x00000000        0x1 src/main.o
 .data.Eval     0x00000000        0x1 src/main.o
 .bss.address   0x00000000        0x1 src/main.o
 .bss.ck        0x00000000        0x2 src/main.o
 .bss.LcdInited
                0x00000000        0x1 src/main.o
 .data.ReconnectVolt
                0x00000000        0x2 src/main.o
 .bss.humidity1
                0x00000000        0x2 src/main.o
 .bss.temperature1
                0x00000000        0x2 src/main.o
 .bss.test_sensor2
                0x00000000        0x2 src/main.o
 .bss.FJMCNTR2  0x00000000        0x2 src/main.o
 .bss.FJMCNTR1  0x00000000        0x2 src/main.o
 .bss.BUZZER    0x00000000        0x2 src/main.o
 .bss.FJAM_T    0x00000000        0x1 src/main.o
 .bss.EXTD      0x00000000        0x1 src/main.o
 .bss.ACLOW     0x00000000        0x1 src/main.o
 .bss.AC_DLY    0x00000000        0x1 src/main.o
 .bss.spL       0x00000000        0x1 src/main.o
 .bss.spH       0x00000000        0x1 src/main.o
 .bss.clear_buffer_count
                0x00000000        0x1 src/main.o
 .bss.RecByteCount
                0x00000000        0x1 src/main.o
 .bss.DataIndex
                0x00000000        0x1 src/main.o
 .data.LoopState
                0x00000000        0x1 src/main.o
 .bss.udat      0x00000000        0x1 src/main.o
 .text          0x00000000        0x0 c:/program files (x86)/atmel/studio/7.0/toolchain/avr8/avr8-gnu-toolchain/bin/../lib/gcc/avr/5.4.0/../../../../avr/lib/avr51\libm.a(addsf3.o)
 .data          0x00000000        0x0 c:/program files (x86)/atmel/studio/7.0/toolchain/avr8/avr8-gnu-toolchain/bin/../lib/gcc/avr/5.4.0/../../../../avr/lib/avr51\libm.a(addsf3.o)
 .bss           0x00000000        0x0 c:/program files (x86)/atmel/studio/7.0/toolchain/avr8/avr8-gnu-toolchain/bin/../lib/gcc/avr/5.4.0/../../../../avr/lib/avr51\libm.a(addsf3.o)
 .text          0x00000000        0x0 c:/program files (x86)/atmel/studio/7.0/toolchain/avr8/avr8-gnu-toolchain/bin/../lib/gcc/avr/5.4.0/../../../../avr/lib/avr51\libm.a(addsf3x.o)
 .data          0x00000000        0x0 c:/program files (x86)/atmel/studio/7.0/toolchain/avr8/avr8-gnu-toolchain/bin/../lib/gcc/avr/5.4.0/../../../../avr/lib/avr51\libm.a(addsf3x.o)
 .bss           0x00000000        0x0 c:/program files (x86)/atmel/studio/7.0/toolchain/avr8/avr8-gnu-toolchain/bin/../lib/gcc/avr/5.4.0/../../../../avr/lib/avr51\libm.a(addsf3x.o)
 .text          0x00000000        0x0 c:/program files (x86)/atmel/studio/7.0/toolchain/avr8/avr8-gnu-toolchain/bin/../lib/gcc/avr/5.4.0/../../../../avr/lib/avr51\libm.a(cmpsf2.o)
 .data          0x00000000        0x0 c:/program files (x86)/atmel/studio/7.0/toolchain/avr8/avr8-gnu-toolchain/bin/../lib/gcc/avr/5.4.0/../../../../avr/lib/avr51\libm.a(cmpsf2.o)
 .bss           0x00000000        0x0 c:/program files (x86)/atmel/studio/7.0/toolchain/avr8/avr8-gnu-toolchain/bin/../lib/gcc/avr/5.4.0/../../../../avr/lib/avr51\libm.a(cmpsf2.o)
 .text          0x00000000        0x0 c:/program files (x86)/atmel/studio/7.0/toolchain/avr8/avr8-gnu-toolchain/bin/../lib/gcc/avr/5.4.0/../../../../avr/lib/avr51\libm.a(divsf3.o)
 .data          0x00000000        0x0 c:/program files (x86)/atmel/studio/7.0/toolchain/avr8/avr8-gnu-toolchain/bin/../lib/gcc/avr/5.4.0/../../../../avr/lib/avr51\libm.a(divsf3.o)
 .bss           0x00000000        0x0 c:/program files (x86)/atmel/studio/7.0/toolchain/avr8/avr8-gnu-toolchain/bin/../lib/gcc/avr/5.4.0/../../../../avr/lib/avr51\libm.a(divsf3.o)
 .text          0x00000000        0x0 c:/program files (x86)/atmel/studio/7.0/toolchain/avr8/avr8-gnu-toolchain/bin/../lib/gcc/avr/5.4.0/../../../../avr/lib/avr51\libm.a(divsf3x.o)
 .data          0x00000000        0x0 c:/program files (x86)/atmel/studio/7.0/toolchain/avr8/avr8-gnu-toolchain/bin/../lib/gcc/avr/5.4.0/../../../../avr/lib/avr51\libm.a(divsf3x.o)
 .bss           0x00000000        0x0 c:/program files (x86)/atmel/studio/7.0/toolchain/avr8/avr8-gnu-toolchain/bin/../lib/gcc/avr/5.4.0/../../../../avr/lib/avr51\libm.a(divsf3x.o)
 .text          0x00000000        0x0 c:/program files (x86)/atmel/studio/7.0/toolchain/avr8/avr8-gnu-toolchain/bin/../lib/gcc/avr/5.4.0/../../../../avr/lib/avr51\libm.a(fixsfsi.o)
 .data          0x00000000        0x0 c:/program files (x86)/atmel/studio/7.0/toolchain/avr8/avr8-gnu-toolchain/bin/../lib/gcc/avr/5.4.0/../../../../avr/lib/avr51\libm.a(fixsfsi.o)
 .bss           0x00000000        0x0 c:/program files (x86)/atmel/studio/7.0/toolchain/avr8/avr8-gnu-toolchain/bin/../lib/gcc/avr/5.4.0/../../../../avr/lib/avr51\libm.a(fixsfsi.o)
 .text          0x00000000        0x0 c:/program files (x86)/atmel/studio/7.0/toolchain/avr8/avr8-gnu-toolchain/bin/../lib/gcc/avr/5.4.0/../../../../avr/lib/avr51\libm.a(fixunssfsi.o)
 .data          0x00000000        0x0 c:/program files (x86)/atmel/studio/7.0/toolchain/avr8/avr8-gnu-toolchain/bin/../lib/gcc/avr/5.4.0/../../../../avr/lib/avr51\libm.a(fixunssfsi.o)
 .bss           0x00000000        0x0 c:/program files (x86)/atmel/studio/7.0/toolchain/avr8/avr8-gnu-toolchain/bin/../lib/gcc/avr/5.4.0/../../../../avr/lib/avr51\libm.a(fixunssfsi.o)
 .text          0x00000000        0x0 c:/program files (x86)/atmel/studio/7.0/toolchain/avr8/avr8-gnu-toolchain/bin/../lib/gcc/avr/5.4.0/../../../../avr/lib/avr51\libm.a(floatsisf.o)
 .data          0x00000000        0x0 c:/program files (x86)/atmel/studio/7.0/toolchain/avr8/avr8-gnu-toolchain/bin/../lib/gcc/avr/5.4.0/../../../../avr/lib/avr51\libm.a(floatsisf.o)
 .bss           0x00000000        0x0 c:/program files (x86)/atmel/studio/7.0/toolchain/avr8/avr8-gnu-toolchain/bin/../lib/gcc/avr/5.4.0/../../../../avr/lib/avr51\libm.a(floatsisf.o)
 .text          0x00000000        0x0 c:/program files (x86)/atmel/studio/7.0/toolchain/avr8/avr8-gnu-toolchain/bin/../lib/gcc/avr/5.4.0/../../../../avr/lib/avr51\libm.a(fp_cmp.o)
 .data          0x00000000        0x0 c:/program files (x86)/atmel/studio/7.0/toolchain/avr8/avr8-gnu-toolchain/bin/../lib/gcc/avr/5.4.0/../../../../avr/lib/avr51\libm.a(fp_cmp.o)
 .bss           0x00000000        0x0 c:/program files (x86)/atmel/studio/7.0/toolchain/avr8/avr8-gnu-toolchain/bin/../lib/gcc/avr/5.4.0/../../../../avr/lib/avr51\libm.a(fp_cmp.o)
 .text          0x00000000        0x0 c:/program files (x86)/atmel/studio/7.0/toolchain/avr8/avr8-gnu-toolchain/bin/../lib/gcc/avr/5.4.0/../../../../avr/lib/avr51\libm.a(fp_inf.o)
 .data          0x00000000        0x0 c:/program files (x86)/atmel/studio/7.0/toolchain/avr8/avr8-gnu-toolchain/bin/../lib/gcc/avr/5.4.0/../../../../avr/lib/avr51\libm.a(fp_inf.o)
 .bss           0x00000000        0x0 c:/program files (x86)/atmel/studio/7.0/toolchain/avr8/avr8-gnu-toolchain/bin/../lib/gcc/avr/5.4.0/../../../../avr/lib/avr51\libm.a(fp_inf.o)
 .text          0x00000000        0x0 c:/program files (x86)/atmel/studio/7.0/toolchain/avr8/avr8-gnu-toolchain/bin/../lib/gcc/avr/5.4.0/../../../../avr/lib/avr51\libm.a(fp_nan.o)
 .data          0x00000000        0x0 c:/program files (x86)/atmel/studio/7.0/toolchain/avr8/avr8-gnu-toolchain/bin/../lib/gcc/avr/5.4.0/../../../../avr/lib/avr51\libm.a(fp_nan.o)
 .bss           0x00000000        0x0 c:/program files (x86)/atmel/studio/7.0/toolchain/avr8/avr8-gnu-toolchain/bin/../lib/gcc/avr/5.4.0/../../../../avr/lib/avr51\libm.a(fp_nan.o)
 .text          0x00000000        0x0 c:/program files (x86)/atmel/studio/7.0/toolchain/avr8/avr8-gnu-toolchain/bin/../lib/gcc/avr/5.4.0/../../../../avr/lib/avr51\libm.a(fp_pscA.o)
 .data          0x00000000        0x0 c:/program files (x86)/atmel/studio/7.0/toolchain/avr8/avr8-gnu-toolchain/bin/../lib/gcc/avr/5.4.0/../../../../avr/lib/avr51\libm.a(fp_pscA.o)
 .bss           0x00000000        0x0 c:/program files (x86)/atmel/studio/7.0/toolchain/avr8/avr8-gnu-toolchain/bin/../lib/gcc/avr/5.4.0/../../../../avr/lib/avr51\libm.a(fp_pscA.o)
 .text          0x00000000        0x0 c:/program files (x86)/atmel/studio/7.0/toolchain/avr8/avr8-gnu-toolchain/bin/../lib/gcc/avr/5.4.0/../../../../avr/lib/avr51\libm.a(fp_pscB.o)
 .data          0x00000000        0x0 c:/program files (x86)/atmel/studio/7.0/toolchain/avr8/avr8-gnu-toolchain/bin/../lib/gcc/avr/5.4.0/../../../../avr/lib/avr51\libm.a(fp_pscB.o)
 .bss           0x00000000        0x0 c:/program files (x86)/atmel/studio/7.0/toolchain/avr8/avr8-gnu-toolchain/bin/../lib/gcc/avr/5.4.0/../../../../avr/lib/avr51\libm.a(fp_pscB.o)
 .text          0x00000000        0x0 c:/program files (x86)/atmel/studio/7.0/toolchain/avr8/avr8-gnu-toolchain/bin/../lib/gcc/avr/5.4.0/../../../../avr/lib/avr51\libm.a(fp_round.o)
 .data          0x00000000        0x0 c:/program files (x86)/atmel/studio/7.0/toolchain/avr8/avr8-gnu-toolchain/bin/../lib/gcc/avr/5.4.0/../../../../avr/lib/avr51\libm.a(fp_round.o)
 .bss           0x00000000        0x0 c:/program files (x86)/atmel/studio/7.0/toolchain/avr8/avr8-gnu-toolchain/bin/../lib/gcc/avr/5.4.0/../../../../avr/lib/avr51\libm.a(fp_round.o)
 .text          0x00000000        0x0 c:/program files (x86)/atmel/studio/7.0/toolchain/avr8/avr8-gnu-toolchain/bin/../lib/gcc/avr/5.4.0/../../../../avr/lib/avr51\libm.a(fp_split3.o)
 .data          0x00000000        0x0 c:/program files (x86)/atmel/studio/7.0/toolchain/avr8/avr8-gnu-toolchain/bin/../lib/gcc/avr/5.4.0/../../../../avr/lib/avr51\libm.a(fp_split3.o)
 .bss           0x00000000        0x0 c:/program files (x86)/atmel/studio/7.0/toolchain/avr8/avr8-gnu-toolchain/bin/../lib/gcc/avr/5.4.0/../../../../avr/lib/avr51\libm.a(fp_split3.o)
 .text          0x00000000        0x0 c:/program files (x86)/atmel/studio/7.0/toolchain/avr8/avr8-gnu-toolchain/bin/../lib/gcc/avr/5.4.0/../../../../avr/lib/avr51\libm.a(fp_zero.o)
 .data          0x00000000        0x0 c:/program files (x86)/atmel/studio/7.0/toolchain/avr8/avr8-gnu-toolchain/bin/../lib/gcc/avr/5.4.0/../../../../avr/lib/avr51\libm.a(fp_zero.o)
 .bss           0x00000000        0x0 c:/program files (x86)/atmel/studio/7.0/toolchain/avr8/avr8-gnu-toolchain/bin/../lib/gcc/avr/5.4.0/../../../../avr/lib/avr51\libm.a(fp_zero.o)
 .text          0x00000000        0x0 c:/program files (x86)/atmel/studio/7.0/toolchain/avr8/avr8-gnu-toolchain/bin/../lib/gcc/avr/5.4.0/../../../../avr/lib/avr51\libm.a(mulsf3.o)
 .data          0x00000000        0x0 c:/program files (x86)/atmel/studio/7.0/toolchain/avr8/avr8-gnu-toolchain/bin/../lib/gcc/avr/5.4.0/../../../../avr/lib/avr51\libm.a(mulsf3.o)
 .bss           0x00000000        0x0 c:/program files (x86)/atmel/studio/7.0/toolchain/avr8/avr8-gnu-toolchain/bin/../lib/gcc/avr/5.4.0/../../../../avr/lib/avr51\libm.a(mulsf3.o)
 .text          0x00000000        0x0 c:/program files (x86)/atmel/studio/7.0/toolchain/avr8/avr8-gnu-toolchain/bin/../lib/gcc/avr/5.4.0/../../../../avr/lib/avr51\libm.a(mulsf3x.o)
 .data          0x00000000        0x0 c:/program files (x86)/atmel/studio/7.0/toolchain/avr8/avr8-gnu-toolchain/bin/../lib/gcc/avr/5.4.0/../../../../avr/lib/avr51\libm.a(mulsf3x.o)
 .bss           0x00000000        0x0 c:/program files (x86)/atmel/studio/7.0/toolchain/avr8/avr8-gnu-toolchain/bin/../lib/gcc/avr/5.4.0/../../../../avr/lib/avr51\libm.a(mulsf3x.o)
 .text          0x00000000        0x0 c:/program files (x86)/atmel/studio/7.0/toolchain/avr8/avr8-gnu-toolchain/bin/../lib/gcc/avr/5.4.0/avr51\libgcc.a(_udivmodqi4.o)
 .data          0x00000000        0x0 c:/program files (x86)/atmel/studio/7.0/toolchain/avr8/avr8-gnu-toolchain/bin/../lib/gcc/avr/5.4.0/avr51\libgcc.a(_udivmodqi4.o)
 .bss           0x00000000        0x0 c:/program files (x86)/atmel/studio/7.0/toolchain/avr8/avr8-gnu-toolchain/bin/../lib/gcc/avr/5.4.0/avr51\libgcc.a(_udivmodqi4.o)
 .text.libgcc.mul
                0x00000000        0x0 c:/program files (x86)/atmel/studio/7.0/toolchain/avr8/avr8-gnu-toolchain/bin/../lib/gcc/avr/5.4.0/avr51\libgcc.a(_udivmodqi4.o)
 .text.libgcc   0x00000000        0x0 c:/program files (x86)/atmel/studio/7.0/toolchain/avr8/avr8-gnu-toolchain/bin/../lib/gcc/avr/5.4.0/avr51\libgcc.a(_udivmodqi4.o)
 .text.libgcc.prologue
                0x00000000        0x0 c:/program files (x86)/atmel/studio/7.0/toolchain/avr8/avr8-gnu-toolchain/bin/../lib/gcc/avr/5.4.0/avr51\libgcc.a(_udivmodqi4.o)
 .text.libgcc.builtins
                0x00000000        0x0 c:/program files (x86)/atmel/studio/7.0/toolchain/avr8/avr8-gnu-toolchain/bin/../lib/gcc/avr/5.4.0/avr51\libgcc.a(_udivmodqi4.o)
 .text.libgcc.fmul
                0x00000000        0x0 c:/program files (x86)/atmel/studio/7.0/toolchain/avr8/avr8-gnu-toolchain/bin/../lib/gcc/avr/5.4.0/avr51\libgcc.a(_udivmodqi4.o)
 .text.libgcc.fixed
                0x00000000        0x0 c:/program files (x86)/atmel/studio/7.0/toolchain/avr8/avr8-gnu-toolchain/bin/../lib/gcc/avr/5.4.0/avr51\libgcc.a(_udivmodqi4.o)
 .text          0x00000000        0x0 c:/program files (x86)/atmel/studio/7.0/toolchain/avr8/avr8-gnu-toolchain/bin/../lib/gcc/avr/5.4.0/avr51\libgcc.a(_udivmodhi4.o)
 .data          0x00000000        0x0 c:/program files (x86)/atmel/studio/7.0/toolchain/avr8/avr8-gnu-toolchain/bin/../lib/gcc/avr/5.4.0/avr51\libgcc.a(_udivmodhi4.o)
 .bss           0x00000000        0x0 c:/program files (x86)/atmel/studio/7.0/toolchain/avr8/avr8-gnu-toolchain/bin/../lib/gcc/avr/5.4.0/avr51\libgcc.a(_udivmodhi4.o)
 .text.libgcc.mul
                0x00000000        0x0 c:/program files (x86)/atmel/studio/7.0/toolchain/avr8/avr8-gnu-toolchain/bin/../lib/gcc/avr/5.4.0/avr51\libgcc.a(_udivmodhi4.o)
 .text.libgcc   0x00000000        0x0 c:/program files (x86)/atmel/studio/7.0/toolchain/avr8/avr8-gnu-toolchain/bin/../lib/gcc/avr/5.4.0/avr51\libgcc.a(_udivmodhi4.o)
 .text.libgcc.prologue
                0x00000000        0x0 c:/program files (x86)/atmel/studio/7.0/toolchain/avr8/avr8-gnu-toolchain/bin/../lib/gcc/avr/5.4.0/avr51\libgcc.a(_udivmodhi4.o)
 .text.libgcc.builtins
                0x00000000        0x0 c:/program files (x86)/atmel/studio/7.0/toolchain/avr8/avr8-gnu-toolchain/bin/../lib/gcc/avr/5.4.0/avr51\libgcc.a(_udivmodhi4.o)
 .text.libgcc.fmul
                0x00000000        0x0 c:/program files (x86)/atmel/studio/7.0/toolchain/avr8/avr8-gnu-toolchain/bin/../lib/gcc/avr/5.4.0/avr51\libgcc.a(_udivmodhi4.o)
 .text.libgcc.fixed
                0x00000000        0x0 c:/program files (x86)/atmel/studio/7.0/toolchain/avr8/avr8-gnu-toolchain/bin/../lib/gcc/avr/5.4.0/avr51\libgcc.a(_udivmodhi4.o)
 .text          0x00000000        0x0 c:/program files (x86)/atmel/studio/7.0/toolchain/avr8/avr8-gnu-toolchain/bin/../lib/gcc/avr/5.4.0/avr51\libgcc.a(_exit.o)
 .data          0x00000000        0x0 c:/program files (x86)/atmel/studio/7.0/toolchain/avr8/avr8-gnu-toolchain/bin/../lib/gcc/avr/5.4.0/avr51\libgcc.a(_exit.o)
 .bss           0x00000000        0x0 c:/program files (x86)/atmel/studio/7.0/toolchain/avr8/avr8-gnu-toolchain/bin/../lib/gcc/avr/5.4.0/avr51\libgcc.a(_exit.o)
 .text.libgcc.mul
                0x00000000        0x0 c:/program files (x86)/atmel/studio/7.0/toolchain/avr8/avr8-gnu-toolchain/bin/../lib/gcc/avr/5.4.0/avr51\libgcc.a(_exit.o)
 .text.libgcc.div
                0x00000000        0x0 c:/program files (x86)/atmel/studio/7.0/toolchain/avr8/avr8-gnu-toolchain/bin/../lib/gcc/avr/5.4.0/avr51\libgcc.a(_exit.o)
 .text.libgcc   0x00000000        0x0 c:/program files (x86)/atmel/studio/7.0/toolchain/avr8/avr8-gnu-toolchain/bin/../lib/gcc/avr/5.4.0/avr51\libgcc.a(_exit.o)
 .text.libgcc.prologue
                0x00000000        0x0 c:/program files (x86)/atmel/studio/7.0/toolchain/avr8/avr8-gnu-toolchain/bin/../lib/gcc/avr/5.4.0/avr51\libgcc.a(_exit.o)
 .text.libgcc.builtins
                0x00000000        0x0 c:/program files (x86)/atmel/studio/7.0/toolchain/avr8/avr8-gnu-toolchain/bin/../lib/gcc/avr/5.4.0/avr51\libgcc.a(_exit.o)
 .text.libgcc.fmul
                0x00000000        0x0 c:/program files (x86)/atmel/studio/7.0/toolchain/avr8/avr8-gnu-toolchain/bin/../lib/gcc/avr/5.4.0/avr51\libgcc.a(_exit.o)
 .text.libgcc.fixed
                0x00000000        0x0 c:/program files (x86)/atmel/studio/7.0/toolchain/avr8/avr8-gnu-toolchain/bin/../lib/gcc/avr/5.4.0/avr51\libgcc.a(_exit.o)
 .text          0x00000000        0x0 c:/program files (x86)/atmel/studio/7.0/toolchain/avr8/avr8-gnu-toolchain/bin/../lib/gcc/avr/5.4.0/avr51\libgcc.a(_tablejump2.o)
 .data          0x00000000        0x0 c:/program files (x86)/atmel/studio/7.0/toolchain/avr8/avr8-gnu-toolchain/bin/../lib/gcc/avr/5.4.0/avr51\libgcc.a(_tablejump2.o)
 .bss           0x00000000        0x0 c:/program files (x86)/atmel/studio/7.0/toolchain/avr8/avr8-gnu-toolchain/bin/../lib/gcc/avr/5.4.0/avr51\libgcc.a(_tablejump2.o)
 .text.libgcc.mul
                0x00000000        0x0 c:/program files (x86)/atmel/studio/7.0/toolchain/avr8/avr8-gnu-toolchain/bin/../lib/gcc/avr/5.4.0/avr51\libgcc.a(_tablejump2.o)
 .text.libgcc.div
                0x00000000        0x0 c:/program files (x86)/atmel/studio/7.0/toolchain/avr8/avr8-gnu-toolchain/bin/../lib/gcc/avr/5.4.0/avr51\libgcc.a(_tablejump2.o)
 .text.libgcc.prologue
                0x00000000        0x0 c:/program files (x86)/atmel/studio/7.0/toolchain/avr8/avr8-gnu-toolchain/bin/../lib/gcc/avr/5.4.0/avr51\libgcc.a(_tablejump2.o)
 .text.libgcc.builtins
                0x00000000        0x0 c:/program files (x86)/atmel/studio/7.0/toolchain/avr8/avr8-gnu-toolchain/bin/../lib/gcc/avr/5.4.0/avr51\libgcc.a(_tablejump2.o)
 .text.libgcc.fmul
                0x00000000        0x0 c:/program files (x86)/atmel/studio/7.0/toolchain/avr8/avr8-gnu-toolchain/bin/../lib/gcc/avr/5.4.0/avr51\libgcc.a(_tablejump2.o)
 .text.libgcc.fixed
                0x00000000        0x0 c:/program files (x86)/atmel/studio/7.0/toolchain/avr8/avr8-gnu-toolchain/bin/../lib/gcc/avr/5.4.0/avr51\libgcc.a(_tablejump2.o)
 .text          0x00000000        0x0 c:/program files (x86)/atmel/studio/7.0/toolchain/avr8/avr8-gnu-toolchain/bin/../lib/gcc/avr/5.4.0/avr51\libgcc.a(_copy_data.o)
 .data          0x00000000        0x0 c:/program files (x86)/atmel/studio/7.0/toolchain/avr8/avr8-gnu-toolchain/bin/../lib/gcc/avr/5.4.0/avr51\libgcc.a(_copy_data.o)
 .bss           0x00000000        0x0 c:/program files (x86)/atmel/studio/7.0/toolchain/avr8/avr8-gnu-toolchain/bin/../lib/gcc/avr/5.4.0/avr51\libgcc.a(_copy_data.o)
 .text.libgcc.mul
                0x00000000        0x0 c:/program files (x86)/atmel/studio/7.0/toolchain/avr8/avr8-gnu-toolchain/bin/../lib/gcc/avr/5.4.0/avr51\libgcc.a(_copy_data.o)
 .text.libgcc.div
                0x00000000        0x0 c:/program files (x86)/atmel/studio/7.0/toolchain/avr8/avr8-gnu-toolchain/bin/../lib/gcc/avr/5.4.0/avr51\libgcc.a(_copy_data.o)
 .text.libgcc   0x00000000        0x0 c:/program files (x86)/atmel/studio/7.0/toolchain/avr8/avr8-gnu-toolchain/bin/../lib/gcc/avr/5.4.0/avr51\libgcc.a(_copy_data.o)
 .text.libgcc.prologue
                0x00000000        0x0 c:/program files (x86)/atmel/studio/7.0/toolchain/avr8/avr8-gnu-toolchain/bin/../lib/gcc/avr/5.4.0/avr51\libgcc.a(_copy_data.o)
 .text.libgcc.builtins
                0x00000000        0x0 c:/program files (x86)/atmel/studio/7.0/toolchain/avr8/avr8-gnu-toolchain/bin/../lib/gcc/avr/5.4.0/avr51\libgcc.a(_copy_data.o)
 .text.libgcc.fmul
                0x00000000        0x0 c:/program files (x86)/atmel/studio/7.0/toolchain/avr8/avr8-gnu-toolchain/bin/../lib/gcc/avr/5.4.0/avr51\libgcc.a(_copy_data.o)
 .text.libgcc.fixed
                0x00000000        0x0 c:/program files (x86)/atmel/studio/7.0/toolchain/avr8/avr8-gnu-toolchain/bin/../lib/gcc/avr/5.4.0/avr51\libgcc.a(_copy_data.o)
 .text          0x00000000        0x0 c:/program files (x86)/atmel/studio/7.0/toolchain/avr8/avr8-gnu-toolchain/bin/../lib/gcc/avr/5.4.0/avr51\libgcc.a(_clear_bss.o)
 .data          0x00000000        0x0 c:/program files (x86)/atmel/studio/7.0/toolchain/avr8/avr8-gnu-toolchain/bin/../lib/gcc/avr/5.4.0/avr51\libgcc.a(_clear_bss.o)
 .bss           0x00000000        0x0 c:/program files (x86)/atmel/studio/7.0/toolchain/avr8/avr8-gnu-toolchain/bin/../lib/gcc/avr/5.4.0/avr51\libgcc.a(_clear_bss.o)
 .text.libgcc.mul
                0x00000000        0x0 c:/program files (x86)/atmel/studio/7.0/toolchain/avr8/avr8-gnu-toolchain/bin/../lib/gcc/avr/5.4.0/avr51\libgcc.a(_clear_bss.o)
 .text.libgcc.div
                0x00000000        0x0 c:/program files (x86)/atmel/studio/7.0/toolchain/avr8/avr8-gnu-toolchain/bin/../lib/gcc/avr/5.4.0/avr51\libgcc.a(_clear_bss.o)
 .text.libgcc   0x00000000        0x0 c:/program files (x86)/atmel/studio/7.0/toolchain/avr8/avr8-gnu-toolchain/bin/../lib/gcc/avr/5.4.0/avr51\libgcc.a(_clear_bss.o)
 .text.libgcc.prologue
                0x00000000        0x0 c:/program files (x86)/atmel/studio/7.0/toolchain/avr8/avr8-gnu-toolchain/bin/../lib/gcc/avr/5.4.0/avr51\libgcc.a(_clear_bss.o)
 .text.libgcc.builtins
                0x00000000        0x0 c:/program files (x86)/atmel/studio/7.0/toolchain/avr8/avr8-gnu-toolchain/bin/../lib/gcc/avr/5.4.0/avr51\libgcc.a(_clear_bss.o)
 .text.libgcc.fmul
                0x00000000        0x0 c:/program files (x86)/atmel/studio/7.0/toolchain/avr8/avr8-gnu-toolchain/bin/../lib/gcc/avr/5.4.0/avr51\libgcc.a(_clear_bss.o)
 .text.libgcc.fixed
                0x00000000        0x0 c:/program files (x86)/atmel/studio/7.0/toolchain/avr8/avr8-gnu-toolchain/bin/../lib/gcc/avr/5.4.0/avr51\libgcc.a(_clear_bss.o)
 .text          0x00000000        0x0 c:/program files (x86)/atmel/studio/7.0/toolchain/avr8/avr8-gnu-toolchain/bin/../lib/gcc/avr/5.4.0/../../../../avr/lib/avr51\libc.a(strcpy.o)
 .data          0x00000000        0x0 c:/program files (x86)/atmel/studio/7.0/toolchain/avr8/avr8-gnu-toolchain/bin/../lib/gcc/avr/5.4.0/../../../../avr/lib/avr51\libc.a(strcpy.o)
 .bss           0x00000000        0x0 c:/program files (x86)/atmel/studio/7.0/toolchain/avr8/avr8-gnu-toolchain/bin/../lib/gcc/avr/5.4.0/../../../../avr/lib/avr51\libc.a(strcpy.o)
 .text          0x00000000        0x0 c:/program files (x86)/atmel/studio/7.0/toolchain/avr8/avr8-gnu-toolchain/bin/../lib/gcc/avr/5.4.0/../../../../avr/lib/avr51\libc.a(itoa_ncheck.o)
 .data          0x00000000        0x0 c:/program files (x86)/atmel/studio/7.0/toolchain/avr8/avr8-gnu-toolchain/bin/../lib/gcc/avr/5.4.0/../../../../avr/lib/avr51\libc.a(itoa_ncheck.o)
 .bss           0x00000000        0x0 c:/program files (x86)/atmel/studio/7.0/toolchain/avr8/avr8-gnu-toolchain/bin/../lib/gcc/avr/5.4.0/../../../../avr/lib/avr51\libc.a(itoa_ncheck.o)
 .text          0x00000000        0x0 c:/program files (x86)/atmel/studio/7.0/toolchain/avr8/avr8-gnu-toolchain/bin/../lib/gcc/avr/5.4.0/../../../../avr/lib/avr51\libc.a(utoa_ncheck.o)
 .data          0x00000000        0x0 c:/program files (x86)/atmel/studio/7.0/toolchain/avr8/avr8-gnu-toolchain/bin/../lib/gcc/avr/5.4.0/../../../../avr/lib/avr51\libc.a(utoa_ncheck.o)
 .bss           0x00000000        0x0 c:/program files (x86)/atmel/studio/7.0/toolchain/avr8/avr8-gnu-toolchain/bin/../lib/gcc/avr/5.4.0/../../../../avr/lib/avr51\libc.a(utoa_ncheck.o)
 .text          0x00000000        0x0 c:/program files (x86)/atmel/studio/7.0/toolchain/avr8/avr8-gnu-toolchain/bin/../lib/gcc/avr/5.4.0/../../../../avr/lib/avr51\libc.a(strrev.o)
 .data          0x00000000        0x0 c:/program files (x86)/atmel/studio/7.0/toolchain/avr8/avr8-gnu-toolchain/bin/../lib/gcc/avr/5.4.0/../../../../avr/lib/avr51\libc.a(strrev.o)
 .bss           0x00000000        0x0 c:/program files (x86)/atmel/studio/7.0/toolchain/avr8/avr8-gnu-toolchain/bin/../lib/gcc/avr/5.4.0/../../../../avr/lib/avr51\libc.a(strrev.o)
 .text          0x00000000        0x0 C:/Program Files (x86)/Atmel/Studio/7.0/Packs/atmel/ATmega_DFP/1.2.209/gcc/dev/atmega128/avr51\libatmega128.a(eerd_byte.o)
 .data          0x00000000        0x0 C:/Program Files (x86)/Atmel/Studio/7.0/Packs/atmel/ATmega_DFP/1.2.209/gcc/dev/atmega128/avr51\libatmega128.a(eerd_byte.o)
 .bss           0x00000000        0x0 C:/Program Files (x86)/Atmel/Studio/7.0/Packs/atmel/ATmega_DFP/1.2.209/gcc/dev/atmega128/avr51\libatmega128.a(eerd_byte.o)
 .text          0x00000000        0x0 C:/Program Files (x86)/Atmel/Studio/7.0/Packs/atmel/ATmega_DFP/1.2.209/gcc/dev/atmega128/avr51\libatmega128.a(eerd_word.o)
 .data          0x00000000        0x0 C:/Program Files (x86)/Atmel/Studio/7.0/Packs/atmel/ATmega_DFP/1.2.209/gcc/dev/atmega128/avr51\libatmega128.a(eerd_word.o)
 .bss           0x00000000        0x0 C:/Program Files (x86)/Atmel/Studio/7.0/Packs/atmel/ATmega_DFP/1.2.209/gcc/dev/atmega128/avr51\libatmega128.a(eerd_word.o)
 .text          0x00000000        0x0 C:/Program Files (x86)/Atmel/Studio/7.0/Packs/atmel/ATmega_DFP/1.2.209/gcc/dev/atmega128/avr51\libatmega128.a(eewr_byte.o)
 .data          0x00000000        0x0 C:/Program Files (x86)/Atmel/Studio/7.0/Packs/atmel/ATmega_DFP/1.2.209/gcc/dev/atmega128/avr51\libatmega128.a(eewr_byte.o)
 .bss           0x00000000        0x0 C:/Program Files (x86)/Atmel/Studio/7.0/Packs/atmel/ATmega_DFP/1.2.209/gcc/dev/atmega128/avr51\libatmega128.a(eewr_byte.o)
 .text          0x00000000        0x0 C:/Program Files (x86)/Atmel/Studio/7.0/Packs/atmel/ATmega_DFP/1.2.209/gcc/dev/atmega128/avr51\libatmega128.a(eewr_word.o)
 .data          0x00000000        0x0 C:/Program Files (x86)/Atmel/Studio/7.0/Packs/atmel/ATmega_DFP/1.2.209/gcc/dev/atmega128/avr51\libatmega128.a(eewr_word.o)
 .bss           0x00000000        0x0 C:/Program Files (x86)/Atmel/Studio/7.0/Packs/atmel/ATmega_DFP/1.2.209/gcc/dev/atmega128/avr51\libatmega128.a(eewr_word.o)
 .text          0x00000000        0x0 C:/Program Files (x86)/Atmel/Studio/7.0/Packs/atmel/ATmega_DFP/1.2.209/gcc/dev/atmega128/avr51\libatmega128.a(eerd_block.o)
 .data          0x00000000        0x0 C:/Program Files (x86)/Atmel/Studio/7.0/Packs/atmel/ATmega_DFP/1.2.209/gcc/dev/atmega128/avr51\libatmega128.a(eerd_block.o)
 .bss           0x00000000        0x0 C:/Program Files (x86)/Atmel/Studio/7.0/Packs/atmel/ATmega_DFP/1.2.209/gcc/dev/atmega128/avr51\libatmega128.a(eerd_block.o)

Memory Configuration

Name             Origin             Length             Attributes
text             0x00000000         0x00020000         xr
data             0x00800100         0x0000ff00         rw !x
eeprom           0x00810000         0x00010000         rw !x
fuse             0x00820000         0x00000003         rw !x
lock             0x00830000         0x00000400         rw !x
signature        0x00840000         0x00000400         rw !x
user_signatures  0x00850000         0x00000400         rw !x
*default*        0x00000000         0xffffffff

Linker script and memory map

Address of section .data set to 0x800100
LOAD C:/Program Files (x86)/Atmel/Studio/7.0/Packs/atmel/ATmega_DFP/1.2.209/gcc/dev/atmega128/avr51/crtatmega128.o
LOAD src/ASF/mega/boards/stk600/rcx_x/init.o
LOAD src/main.o
START GROUP
LOAD c:/program files (x86)/atmel/studio/7.0/toolchain/avr8/avr8-gnu-toolchain/bin/../lib/gcc/avr/5.4.0/../../../../avr/lib/avr51\libm.a
END GROUP
START GROUP
LOAD c:/program files (x86)/atmel/studio/7.0/toolchain/avr8/avr8-gnu-toolchain/bin/../lib/gcc/avr/5.4.0/avr51\libgcc.a
LOAD c:/program files (x86)/atmel/studio/7.0/toolchain/avr8/avr8-gnu-toolchain/bin/../lib/gcc/avr/5.4.0/../../../../avr/lib/avr51\libm.a
LOAD c:/program files (x86)/atmel/studio/7.0/toolchain/avr8/avr8-gnu-toolchain/bin/../lib/gcc/avr/5.4.0/../../../../avr/lib/avr51\libc.a
LOAD C:/Program Files (x86)/Atmel/Studio/7.0/Packs/atmel/ATmega_DFP/1.2.209/gcc/dev/atmega128/avr51\libatmega128.a
END GROUP
                0x00020000                __TEXT_REGION_LENGTH__ = DEFINED (__TEXT_REGION_LENGTH__)?__TEXT_REGION_LENGTH__:0x20000
                0x0000ff00                __DATA_REGION_LENGTH__ = DEFINED (__DATA_REGION_LENGTH__)?__DATA_REGION_LENGTH__:0xff00
                0x00010000                __EEPROM_REGION_LENGTH__ = DEFINED (__EEPROM_REGION_LENGTH__)?__EEPROM_REGION_LENGTH__:0x10000
                [0x00000003]                __FUSE_REGION_LENGTH__ = DEFINED (__FUSE_REGION_LENGTH__)?__FUSE_REGION_LENGTH__:0x400
                0x00000400                __LOCK_REGION_LENGTH__ = DEFINED (__LOCK_REGION_LENGTH__)?__LOCK_REGION_LENGTH__:0x400
                0x00000400                __SIGNATURE_REGION_LENGTH__ = DEFINED (__SIGNATURE_REGION_LENGTH__)?__SIGNATURE_REGION_LENGTH__:0x400
                0x00000400                __USER_SIGNATURE_REGION_LENGTH__ = DEFINED (__USER_SIGNATURE_REGION_LENGTH__)?__USER_SIGNATURE_REGION_LENGTH__:0x400

.hash
 *(.hash)

.dynsym
 *(.dynsym)

.dynstr
 *(.dynstr)

.gnu.version
 *(.gnu.version)

.gnu.version_d
 *(.gnu.version_d)

.gnu.version_r
 *(.gnu.version_r)

.rel.init
 *(.rel.init)

.rela.init
 *(.rela.init)

.rel.text
 *(.rel.text)
 *(.rel.text.*)
 *(.rel.gnu.linkonce.t*)

.rela.text
 *(.rela.text)
 *(.rela.text.*)
 *(.rela.gnu.linkonce.t*)

.rel.fini
 *(.rel.fini)

.rela.fini
 *(.rela.fini)

.rel.rodata
 *(.rel.rodata)
 *(.rel.rodata.*)
 *(.rel.gnu.linkonce.r*)

.rela.rodata
 *(.rela.rodata)
 *(.rela.rodata.*)
 *(.rela.gnu.linkonce.r*)

.rel.data
 *(.rel.data)
 *(.rel.data.*)
 *(.rel.gnu.linkonce.d*)

.rela.data
 *(.rela.data)
 *(.rela.data.*)
 *(.rela.gnu.linkonce.d*)

.rel.ctors
 *(.rel.ctors)

.rela.ctors
 *(.rela.ctors)

.rel.dtors
 *(.rel.dtors)

.rela.dtors
 *(.rela.dtors)

.rel.got
 *(.rel.got)

.rela.got
 *(.rela.got)

.rel.bss
 *(.rel.bss)

.rela.bss
 *(.rela.bss)

.rel.plt
 *(.rel.plt)

.rela.plt
 *(.rela.plt)

.text           0x00000000     0x4314
 *(.vectors)
 .vectors       0x00000000       0x8c C:/Program Files (x86)/Atmel/Studio/7.0/Packs/atmel/ATmega_DFP/1.2.209/gcc/dev/atmega128/avr51/crtatmega128.o
                0x00000000                __vector_default
                0x00000000                __vectors
 *(.vectors)
 *(.progmem.gcc*)
 .progmem.gcc_sw_table.LCD_MENU2
                0x0000008c       0x1a src/main.o
                0x000000a6                . = ALIGN (0x2)
                0x000000a6                __trampolines_start = .
 *(.trampolines)
 .trampolines   0x000000a6        0x0 linker stubs
 *(.trampolines*)
                0x000000a6                __trampolines_end = .
 *libprintf_flt.a:*(.progmem.data)
 *libc.a:*(.progmem.data)
 *(.progmem*)
                0x000000a6                . = ALIGN (0x2)
 *(.jumptables)
 *(.jumptables*)
 *(.lowtext)
 *(.lowtext*)
                0x000000a6                __ctors_start = .
 *(.ctors)
                0x000000a6                __ctors_end = .
                0x000000a6                __dtors_start = .
 *(.dtors)
                0x000000a6                __dtors_end = .
 SORT(*)(.ctors)
 SORT(*)(.dtors)
 *(.init0)
 .init0         0x000000a6        0x0 C:/Program Files (x86)/Atmel/Studio/7.0/Packs/atmel/ATmega_DFP/1.2.209/gcc/dev/atmega128/avr51/crtatmega128.o
                0x000000a6                __init
 *(.init0)
 *(.init1)
 *(.init1)
 *(.init2)
 .init2         0x000000a6        0xc C:/Program Files (x86)/Atmel/Studio/7.0/Packs/atmel/ATmega_DFP/1.2.209/gcc/dev/atmega128/avr51/crtatmega128.o
 *(.init2)
 *(.init3)
 *(.init3)
 *(.init4)
 .init4         0x000000b2       0x1a c:/program files (x86)/atmel/studio/7.0/toolchain/avr8/avr8-gnu-toolchain/bin/../lib/gcc/avr/5.4.0/avr51\libgcc.a(_copy_data.o)
                0x000000b2                __do_copy_data
 .init4         0x000000cc       0x10 c:/program files (x86)/atmel/studio/7.0/toolchain/avr8/avr8-gnu-toolchain/bin/../lib/gcc/avr/5.4.0/avr51\libgcc.a(_clear_bss.o)
                0x000000cc                __do_clear_bss
 *(.init4)
 *(.init5)
 *(.init5)
 *(.init6)
 *(.init6)
 *(.init7)
 *(.init7)
 *(.init8)
 *(.init8)
 *(.init9)
 .init9         0x000000dc        0x8 C:/Program Files (x86)/Atmel/Studio/7.0/Packs/atmel/ATmega_DFP/1.2.209/gcc/dev/atmega128/avr51/crtatmega128.o
 *(.init9)
 *(.text)
 .text          0x000000e4        0x2 C:/Program Files (x86)/Atmel/Studio/7.0/Packs/atmel/ATmega_DFP/1.2.209/gcc/dev/atmega128/avr51/crtatmega128.o
                0x000000e4                __vector_22
                0x000000e4                __vector_28
                0x000000e4                __vector_1
                0x000000e4                __vector_32
                0x000000e4                __vector_34
                0x000000e4                __vector_24
                0x000000e4                __vector_12
                0x000000e4                __bad_interrupt
                0x000000e4                __vector_6
                0x000000e4                __vector_31
                0x000000e4                __vector_3
                0x000000e4                __vector_23
                0x000000e4                __vector_30
                0x000000e4                __vector_25
                0x000000e4                __vector_11
                0x000000e4                __vector_13
                0x000000e4                __vector_17
                0x000000e4                __vector_19
                0x000000e4                __vector_7
                0x000000e4                __vector_27
                0x000000e4                __vector_5
                0x000000e4                __vector_33
                0x000000e4                __vector_4
                0x000000e4                __vector_9
                0x000000e4                __vector_2
                0x000000e4                __vector_21
                0x000000e4                __vector_15
                0x000000e4                __vector_29
                0x000000e4                __vector_26
                0x000000e4                __vector_14
                0x000000e4                __vector_10
                0x000000e4                __vector_18
                0x000000e4                __vector_20
                0x000000e6                . = ALIGN (0x2)
 *(.text.*)
 .text.pwm_init
                0x000000e6       0x1a src/main.o
                0x000000e6                pwm_init
 .text.pwm_disruct
                0x00000100        0x6 src/main.o
                0x00000100                pwm_disruct
 .text.lcdInitHW
                0x00000106       0x36 src/main.o
                0x00000106                lcdInitHW
 .text.lcdControlWrite
                0x0000013c       0x3e src/main.o
                0x0000013c                lcdControlWrite
 .text.lcdDataWrite
                0x0000017a       0x6e src/main.o
                0x0000017a                lcdDataWrite
 .text.lcdInit  0x000001e8       0x7e src/main.o
                0x000001e8                lcdInit
 .text.lcdClear
                0x00000266        0x4 src/main.o
                0x00000266                lcdClear
 .text.lcdPrintData
                0x0000026a       0x2a src/main.o
                0x0000026a                lcdPrintData
 .text.disp_delay
                0x00000294       0x92 src/main.o
                0x00000294                disp_delay
 .text.adc_init
                0x00000326       0x12 src/main.o
                0x00000326                adc_init
 .text.start_convar
                0x00000338       0xc8 src/main.o
                0x00000338                start_convar
 .text.start_convar2
                0x00000400       0x6e src/main.o
                0x00000400                start_convar2
 .text.disp_int
                0x0000046e       0x3a src/main.o
                0x0000046e                disp_int
 .text.disp_float2
                0x000004a8       0xbe src/main.o
                0x000004a8                disp_float2
 .text.ow_reset
                0x00000566       0x38 src/main.o
                0x00000566                ow_reset
 .text.ow_bit_io
                0x0000059e       0x2a src/main.o
                0x0000059e                ow_bit_io
 .text.ow_byte_wr
                0x000005c8       0x20 src/main.o
                0x000005c8                ow_byte_wr
 .text.ow_byte_rd
                0x000005e8        0x4 src/main.o
                0x000005e8                ow_byte_rd
 .text.ow_rom_search
                0x000005ec       0x62 src/main.o
                0x000005ec                ow_rom_search
 .text.ow_command
                0x0000064e       0x10 src/main.o
                0x0000064e                ow_command
 .text.DS18X20_find_sensor
                0x0000065e       0x18 src/main.o
                0x0000065e                DS18X20_find_sensor
 .text.search_sensors
                0x00000676       0x7e src/main.o
                0x00000676                search_sensors
 .text.DS18X20_start_meas
                0x000006f4       0x14 src/main.o
                0x000006f4                DS18X20_start_meas
 .text.DS18X20_read_meas_single
                0x00000708       0xd4 src/main.o
                0x00000708                DS18X20_read_meas_single
 .text.ow_reset2
                0x000007dc       0x38 src/main.o
                0x000007dc                ow_reset2
 .text.ow_bit_io2
                0x00000814       0x2a src/main.o
                0x00000814                ow_bit_io2
 .text.ow_byte_wr2
                0x0000083e       0x20 src/main.o
                0x0000083e                ow_byte_wr2
 .text.ow_byte_rd2
                0x0000085e        0x4 src/main.o
                0x0000085e                ow_byte_rd2
 .text.ow_rom_search2
                0x00000862       0x62 src/main.o
                0x00000862                ow_rom_search2
 .text.ow_command2
                0x000008c4       0x10 src/main.o
                0x000008c4                ow_command2
 .text.DS18X20_find_sensor2
                0x000008d4       0x18 src/main.o
                0x000008d4                DS18X20_find_sensor2
 .text.search_sensors2
                0x000008ec       0x7e src/main.o
                0x000008ec                search_sensors2
 .text.DS18X20_start_meas2
                0x0000096a       0x14 src/main.o
                0x0000096a                DS18X20_start_meas2
 .text.DS18X20_read_meas_single2
                0x0000097e       0xd4 src/main.o
                0x0000097e                DS18X20_read_meas_single2
 .text.twi_init
                0x00000a52       0x1e src/main.o
                0x00000a52                twi_init
 .text.EEOpen   0x00000a70       0x14 src/main.o
                0x00000a70                EEOpen
 .text.EEWriteByte
                0x00000a84       0xac src/main.o
                0x00000a84                EEWriteByte
 .text.EEReadByte
                0x00000b30       0xd8 src/main.o
                0x00000b30                EEReadByte
 .text.i2c_start
                0x00000c08       0x1e src/main.o
                0x00000c08                i2c_start
 .text.i2c_repeatStart
                0x00000c26       0x1e src/main.o
                0x00000c26                i2c_repeatStart
 .text.i2c_sendAddress
                0x00000c44       0x2c src/main.o
                0x00000c44                i2c_sendAddress
 .text.i2c_sendData
                0x00000c70       0x22 src/main.o
                0x00000c70                i2c_sendData
 .text.i2c_receiveData_ACK
                0x00000c92       0x22 src/main.o
                0x00000c92                i2c_receiveData_ACK
 .text.i2c_receiveData_NACK
                0x00000cb4       0x22 src/main.o
                0x00000cb4                i2c_receiveData_NACK
 .text.RTC_updateRegisters
                0x00000cd6       0xb6 src/main.o
                0x00000cd6                RTC_updateRegisters
 .text.RTC_read
                0x00000d8c       0x60 src/main.o
                0x00000d8c                RTC_read
 .text.RTC_getTime
                0x00000dec       0x54 src/main.o
                0x00000dec                RTC_getTime
 .text.RTC_getDate
                0x00000e40       0x60 src/main.o
                0x00000e40                RTC_getDate
 .text.DATE_TIME_Conversion
                0x00000ea0       0xa0 src/main.o
                0x00000ea0                DATE_TIME_Conversion
 .text.RTC_writeTime
                0x00000f40       0x46 src/main.o
                0x00000f40                RTC_writeTime
 .text.RTC_writeDate
                0x00000f86       0x4a src/main.o
                0x00000f86                RTC_writeDate
 .text.update_time
                0x00000fd0        0xa src/main.o
                0x00000fd0                update_time
 .text.convert_func_Time
                0x00000fda       0x52 src/main.o
                0x00000fda                convert_func_Time
 .text.update_Date
                0x0000102c        0xa src/main.o
                0x0000102c                update_Date
 .text.convert_func_Date
                0x00001036       0x5a src/main.o
                0x00001036                convert_func_Date
 .text.USART_transmit
                0x00001090        0x8 src/main.o
                0x00001090                USART_transmit
 .text.USART_TransmitString
                0x00001098       0x36 src/main.o
                0x00001098                USART_TransmitString
 .text.USART_Init
                0x000010ce       0x14 src/main.o
                0x000010ce                USART_Init
 .text.disp_int_onPC
                0x000010e2       0xfa src/main.o
                0x000010e2                disp_int_onPC
 .text.enter    0x000011dc        0x8 src/main.o
                0x000011dc                enter
 .text.disp_float_onPC
                0x000011e4       0xca src/main.o
                0x000011e4                disp_float_onPC
 .text.convert_volttoint
                0x000012ae        0xa src/main.o
                0x000012ae                convert_volttoint
 .text.convertinttovolt
                0x000012b8       0x2c src/main.o
                0x000012b8                convertinttovolt
 .text.save_record_no
                0x000012e4       0x1a src/main.o
                0x000012e4                save_record_no
 .text.save_record_no_full
                0x000012fe       0x1a src/main.o
                0x000012fe                save_record_no_full
 .text.no_of_saved_data
                0x00001318       0x32 src/main.o
                0x00001318                no_of_saved_data
 .text.no_of_saved_data_full
                0x0000134a       0x32 src/main.o
                0x0000134a                no_of_saved_data_full
 .text.EXT_EEPROM_PAGE_WRITE
                0x0000137c      0x1be src/main.o
                0x0000137c                EXT_EEPROM_PAGE_WRITE
 .text.Save_EEPROM
                0x0000153a       0x46 src/main.o
                0x0000153a                Save_EEPROM
 .text.SHOW_SAVED_DATA_PC
                0x00001580      0x1b4 src/main.o
                0x00001580                SHOW_SAVED_DATA_PC
 .text.SHOW_ROLING_EEPROM_EX_DATA
                0x00001734      0x134 src/main.o
                0x00001734                SHOW_ROLING_EEPROM_EX_DATA
 .text.time_func
                0x00001868       0x30 src/main.o
                0x00001868                time_func
 .text.time_func_fan
                0x00001898       0x30 src/main.o
                0x00001898                time_func_fan
 .text.time_func_ac
                0x000018c8       0x30 src/main.o
                0x000018c8                time_func_ac
 .text.__vector_8
                0x000018f8       0x2e src/main.o
                0x000018f8                __vector_8
 .text.init_timer
                0x00001926        0xe src/main.o
                0x00001926                init_timer
 .text.__vector_16
                0x00001934      0x26a src/main.o
                0x00001934                __vector_16
 .text.disp_time_fan
                0x00001b9e       0x32 src/main.o
                0x00001b9e                disp_time_fan
 .text.external_interrupt_on
                0x00001bd0       0x1a src/main.o
                0x00001bd0                external_interrupt_on
 .text.special1
                0x00001bea       0x8a src/main.o
                0x00001bea                special1
 .text.ButtonCheck_Secondary
                0x00001c74      0x128 src/main.o
                0x00001c74                ButtonCheck_Secondary
 .text.init_devices
                0x00001d9c      0x17c src/main.o
                0x00001d9c                init_devices
 .text.take_all_setting
                0x00001f18       0xc4 src/main.o
                0x00001f18                take_all_setting
 .text.chk_format
                0x00001fdc      0x178 src/main.o
                0x00001fdc                chk_format
 .text.init_internaleeprom
                0x00002154       0x9c src/main.o
                0x00002154                init_internaleeprom
 .text.common_alarm
                0x000021f0       0x4c src/main.o
                0x000021f0                common_alarm
 .text.fjam_alarm_check
                0x0000223c       0x46 src/main.o
                0x0000223c                fjam_alarm_check
 .text.operation_alarm_fan
                0x00002282       0x4c src/main.o
                0x00002282                operation_alarm_fan
 .text.check_reset_fan
                0x000022ce       0x3e src/main.o
                0x000022ce                check_reset_fan
 .text.Pwm_Step
                0x0000230c       0x82 src/main.o
                0x0000230c                Pwm_Step
 .text.FAN_timeover
                0x0000238e       0x32 src/main.o
                0x0000238e                FAN_timeover
 .text.FAN_timeover_rest
                0x000023c0       0x32 src/main.o
                0x000023c0                FAN_timeover_rest
 .text.fan_on   0x000023f2       0x1e src/main.o
                0x000023f2                fan_on
 .text.fan_off  0x00002410       0x3a src/main.o
                0x00002410                fan_off
 .text.fan_off_all
                0x0000244a       0x3a src/main.o
                0x0000244a                fan_off_all
 .text.Customized_fan_run
                0x00002484       0x46 src/main.o
                0x00002484                Customized_fan_run
 .text.fan_func_Robi
                0x000024ca       0x76 src/main.o
                0x000024ca                fan_func_Robi
 .text.Operation_Logic_Check_init
                0x00002540      0x118 src/main.o
                0x00002540                Operation_Logic_Check_init
 .text.IVS_Robi_PARAM_Auto
                0x00002658       0x88 src/main.o
                0x00002658                IVS_Robi_PARAM_Auto
 .text.temp_show
                0x000026e0       0x4c src/main.o
                0x000026e0                temp_show
 .text.low_line
                0x0000272c      0x12e src/main.o
                0x0000272c                low_line
 .text.display_Main_auto
                0x0000285a       0xb2 src/main.o
                0x0000285a                display_Main_auto
 .text.take_all_input
                0x0000290c       0x60 src/main.o
                0x0000290c                take_all_input
 .text.low_voltage_check
                0x0000296c       0xd4 src/main.o
                0x0000296c                low_voltage_check
 .text.increment_MainItem
                0x00002a40      0x128 src/main.o
                0x00002a40                increment_MainItem
 .text.decrement_MainItem
                0x00002b68      0x12e src/main.o
                0x00002b68                decrement_MainItem
 .text.ButtonCheck
                0x00002c96      0x440 src/main.o
                0x00002c96                ButtonCheck
 .text.menu_date_func
                0x000030d6      0x128 src/main.o
                0x000030d6                menu_date_func
 .text.menu_time_func
                0x000031fe      0x128 src/main.o
                0x000031fe                menu_time_func
 .text.LCD_MENU2
                0x00003326      0x374 src/main.o
                0x00003326                LCD_MENU2
 .text.updating_menu
                0x0000369a      0x1c4 src/main.o
                0x0000369a                updating_menu
 .text.menu_disp
                0x0000385e      0x162 src/main.o
                0x0000385e                menu_disp
 .text.fire_alarm_check
                0x000039c0       0x46 src/main.o
                0x000039c0                fire_alarm_check
 .text.secondary_display
                0x00003a06      0x120 src/main.o
                0x00003a06                secondary_display
 .text.fire_display
                0x00003b26       0x40 src/main.o
                0x00003b26                fire_display
 .text.high_temp_alarm
                0x00003b66       0x5a src/main.o
                0x00003b66                high_temp_alarm
 .text.startup.main
                0x00003bc0      0x202 src/main.o
                0x00003bc0                main
 .text.avr-libc.fplib
                0x00003dc2        0xa c:/program files (x86)/atmel/studio/7.0/toolchain/avr8/avr8-gnu-toolchain/bin/../lib/gcc/avr/5.4.0/../../../../avr/lib/avr51\libm.a(addsf3.o)
                0x00003dc2                __subsf3
                0x00003dc4                __addsf3
 .text.avr-libc.fplib
                0x00003dcc       0xc0 c:/program files (x86)/atmel/studio/7.0/toolchain/avr8/avr8-gnu-toolchain/bin/../lib/gcc/avr/5.4.0/../../../../avr/lib/avr51\libm.a(addsf3x.o)
                0x00003de6                __addsf3x
 .text.avr-libc.fplib
                0x00003e8c        0x8 c:/program files (x86)/atmel/studio/7.0/toolchain/avr8/avr8-gnu-toolchain/bin/../lib/gcc/avr/5.4.0/../../../../avr/lib/avr51\libm.a(cmpsf2.o)
                0x00003e8c                __nesf2
                0x00003e8c                __eqsf2
                0x00003e8c                __cmpsf2
                0x00003e8c                __ltsf2
                0x00003e8c                __lesf2
 .text.avr-libc.fplib
                0x00003e94        0x4 c:/program files (x86)/atmel/studio/7.0/toolchain/avr8/avr8-gnu-toolchain/bin/../lib/gcc/avr/5.4.0/../../../../avr/lib/avr51\libm.a(divsf3.o)
                0x00003e94                __divsf3
 .text.avr-libc.fplib
                0x00003e98       0xcc c:/program files (x86)/atmel/studio/7.0/toolchain/avr8/avr8-gnu-toolchain/bin/../lib/gcc/avr/5.4.0/../../../../avr/lib/avr51\libm.a(divsf3x.o)
                0x00003eae                __divsf3x
                0x00003eb2                __divsf3_pse
 .text.avr-libc.fplib
                0x00003f64        0xa c:/program files (x86)/atmel/studio/7.0/toolchain/avr8/avr8-gnu-toolchain/bin/../lib/gcc/avr/5.4.0/../../../../avr/lib/avr51\libm.a(fixsfsi.o)
                0x00003f64                __fixsfsi
 .text.avr-libc.fplib
                0x00003f6e       0x58 c:/program files (x86)/atmel/studio/7.0/toolchain/avr8/avr8-gnu-toolchain/bin/../lib/gcc/avr/5.4.0/../../../../avr/lib/avr51\libm.a(fixunssfsi.o)
                0x00003f6e                __fixunssfsi
 .text.avr-libc.fplib
                0x00003fc6       0x7a c:/program files (x86)/atmel/studio/7.0/toolchain/avr8/avr8-gnu-toolchain/bin/../lib/gcc/avr/5.4.0/../../../../avr/lib/avr51\libm.a(floatsisf.o)
                0x00003fc6                __floatunsisf
                0x00003fca                __floatsisf
 .text.avr-libc.fplib
                0x00004040       0x48 c:/program files (x86)/atmel/studio/7.0/toolchain/avr8/avr8-gnu-toolchain/bin/../lib/gcc/avr/5.4.0/../../../../avr/lib/avr51\libm.a(fp_cmp.o)
                0x00004040                __fp_cmp
 .text.avr-libc.fplib
                0x00004088        0xc c:/program files (x86)/atmel/studio/7.0/toolchain/avr8/avr8-gnu-toolchain/bin/../lib/gcc/avr/5.4.0/../../../../avr/lib/avr51\libm.a(fp_inf.o)
                0x00004088                __fp_inf
 .text.avr-libc.fplib
                0x00004094        0x6 c:/program files (x86)/atmel/studio/7.0/toolchain/avr8/avr8-gnu-toolchain/bin/../lib/gcc/avr/5.4.0/../../../../avr/lib/avr51\libm.a(fp_nan.o)
                0x00004094                __fp_nan
 .text.avr-libc.fplib
                0x0000409a        0xe c:/program files (x86)/atmel/studio/7.0/toolchain/avr8/avr8-gnu-toolchain/bin/../lib/gcc/avr/5.4.0/../../../../avr/lib/avr51\libm.a(fp_pscA.o)
                0x0000409a                __fp_pscA
 .text.avr-libc.fplib
                0x000040a8        0xe c:/program files (x86)/atmel/studio/7.0/toolchain/avr8/avr8-gnu-toolchain/bin/../lib/gcc/avr/5.4.0/../../../../avr/lib/avr51\libm.a(fp_pscB.o)
                0x000040a8                __fp_pscB
 .text.avr-libc.fplib
                0x000040b6       0x22 c:/program files (x86)/atmel/studio/7.0/toolchain/avr8/avr8-gnu-toolchain/bin/../lib/gcc/avr/5.4.0/../../../../avr/lib/avr51\libm.a(fp_round.o)
                0x000040b6                __fp_round
 .text.avr-libc.fplib
                0x000040d8       0x44 c:/program files (x86)/atmel/studio/7.0/toolchain/avr8/avr8-gnu-toolchain/bin/../lib/gcc/avr/5.4.0/../../../../avr/lib/avr51\libm.a(fp_split3.o)
                0x000040d8                __fp_split3
                0x000040e8                __fp_splitA
 .text.avr-libc.fplib
                0x0000411c        0xe c:/program files (x86)/atmel/studio/7.0/toolchain/avr8/avr8-gnu-toolchain/bin/../lib/gcc/avr/5.4.0/../../../../avr/lib/avr51\libm.a(fp_zero.o)
                0x0000411c                __fp_zero
                0x0000411e                __fp_szero
 .text.avr-libc.fplib
                0x0000412a        0x4 c:/program files (x86)/atmel/studio/7.0/toolchain/avr8/avr8-gnu-toolchain/bin/../lib/gcc/avr/5.4.0/../../../../avr/lib/avr51\libm.a(mulsf3.o)
                0x0000412a                __mulsf3
 .text.avr-libc.fplib
                0x0000412e       0xc2 c:/program files (x86)/atmel/studio/7.0/toolchain/avr8/avr8-gnu-toolchain/bin/../lib/gcc/avr/5.4.0/../../../../avr/lib/avr51\libm.a(mulsf3x.o)
                0x00004142                __mulsf3x
                0x00004146                __mulsf3_pse
 .text.libgcc.div
                0x000041f0       0x18 c:/program files (x86)/atmel/studio/7.0/toolchain/avr8/avr8-gnu-toolchain/bin/../lib/gcc/avr/5.4.0/avr51\libgcc.a(_udivmodqi4.o)
                0x000041f0                __udivmodqi4
 .text.libgcc.div
                0x00004208       0x28 c:/program files (x86)/atmel/studio/7.0/toolchain/avr8/avr8-gnu-toolchain/bin/../lib/gcc/avr/5.4.0/avr51\libgcc.a(_udivmodhi4.o)
                0x00004208                __udivmodhi4
 .text.libgcc   0x00004230       0x12 c:/program files (x86)/atmel/studio/7.0/toolchain/avr8/avr8-gnu-toolchain/bin/../lib/gcc/avr/5.4.0/avr51\libgcc.a(_tablejump2.o)
                0x00004230                __tablejump2__
 .text.avr-libc
                0x00004242        0xe c:/program files (x86)/atmel/studio/7.0/toolchain/avr8/avr8-gnu-toolchain/bin/../lib/gcc/avr/5.4.0/../../../../avr/lib/avr51\libc.a(strcpy.o)
                0x00004242                strcpy
 .text.avr-libc
                0x00004250       0x14 c:/program files (x86)/atmel/studio/7.0/toolchain/avr8/avr8-gnu-toolchain/bin/../lib/gcc/avr/5.4.0/../../../../avr/lib/avr51\libc.a(itoa_ncheck.o)
                0x00004250                __itoa_ncheck
 .text.avr-libc
                0x00004264       0x32 c:/program files (x86)/atmel/studio/7.0/toolchain/avr8/avr8-gnu-toolchain/bin/../lib/gcc/avr/5.4.0/../../../../avr/lib/avr51\libc.a(utoa_ncheck.o)
                0x00004264                __utoa_ncheck
                0x00004266                __utoa_common
 .text.avr-libc
                0x00004296       0x20 c:/program files (x86)/atmel/studio/7.0/toolchain/avr8/avr8-gnu-toolchain/bin/../lib/gcc/avr/5.4.0/../../../../avr/lib/avr51\libc.a(strrev.o)
                0x00004296                strrev
 .text.avr-libc
                0x000042b6       0x10 C:/Program Files (x86)/Atmel/Studio/7.0/Packs/atmel/ATmega_DFP/1.2.209/gcc/dev/atmega128/avr51\libatmega128.a(eerd_byte.o)
                0x000042b6                eeprom_read_byte
 .text.avr-libc
                0x000042c6        0xa C:/Program Files (x86)/Atmel/Studio/7.0/Packs/atmel/ATmega_DFP/1.2.209/gcc/dev/atmega128/avr51\libatmega128.a(eerd_word.o)
                0x000042c6                eeprom_read_word
 .text.avr-libc
                0x000042d0       0x1a C:/Program Files (x86)/Atmel/Studio/7.0/Packs/atmel/ATmega_DFP/1.2.209/gcc/dev/atmega128/avr51\libatmega128.a(eewr_byte.o)
                0x000042d0                eeprom_write_byte
                0x000042d2                eeprom_write_r18
 .text.avr-libc
                0x000042ea        0x6 C:/Program Files (x86)/Atmel/Studio/7.0/Packs/atmel/ATmega_DFP/1.2.209/gcc/dev/atmega128/avr51\libatmega128.a(eewr_word.o)
                0x000042ea                eeprom_write_word
 .text.avr-libc
                0x000042f0       0x20 C:/Program Files (x86)/Atmel/Studio/7.0/Packs/atmel/ATmega_DFP/1.2.209/gcc/dev/atmega128/avr51\libatmega128.a(eerd_block.o)
                0x000042f0                eeprom_read_block
                0x000042f4                eeprom_read_blraw
                0x00004310                . = ALIGN (0x2)
 *(.fini9)
 .fini9         0x00004310        0x0 c:/program files (x86)/atmel/studio/7.0/toolchain/avr8/avr8-gnu-toolchain/bin/../lib/gcc/avr/5.4.0/avr51\libgcc.a(_exit.o)
                0x00004310                _exit
                0x00004310                exit
 *(.fini9)
 *(.fini8)
 *(.fini8)
 *(.fini7)
 *(.fini7)
 *(.fini6)
 *(.fini6)
 *(.fini5)
 *(.fini5)
 *(.fini4)
 *(.fini4)
 *(.fini3)
 *(.fini3)
 *(.fini2)
 *(.fini2)
 *(.fini1)
 *(.fini1)
 *(.fini0)
 .fini0         0x00004310        0x4 c:/program files (x86)/atmel/studio/7.0/toolchain/avr8/avr8-gnu-toolchain/bin/../lib/gcc/avr/5.4.0/avr51\libgcc.a(_exit.o)
 *(.fini0)
                0x00004314                _etext = .

.data           0x00800100      0x406 load address 0x00004314
                0x00800100                PROVIDE (__data_start, .)
 *(.data)
 *(.data*)
 .data.LAST_ADDRESS
                0x00800100        0x4 src/main.o
                0x00800100                LAST_ADDRESS
 .data.PVALUE   0x00800104        0x1 src/main.o
                0x00800104                PVALUE
 .data.EEP_CHK_BIT
                0x00800105        0x1 src/main.o
                0x00800105                EEP_CHK_BIT
 *(.gnu.linkonce.d*)
 *(.rodata)
 .rodata        0x00800106       0x38 src/main.o
 *(.rodata*)
 .rodata.str1.1
                0x0080013e      0x3c8 src/main.o
                                0x40a (size before relaxing)
 *(.gnu.linkonce.r*)
                0x00800506                . = ALIGN (0x2)
                0x00800506                _edata = .
                0x00800506                PROVIDE (__data_end, .)

.bss            0x00800506      0x1b5
                0x00800506                PROVIDE (__bss_start, .)
 *(.bss)
 *(.bss*)
 .bss.VOLT_SAVE
                0x00800506        0x2 src/main.o
                0x00800506                VOLT_SAVE
 .bss.DATANO    0x00800508        0x2 src/main.o
                0x00800508                DATANO
 .bss.YEARin    0x0080050a        0x1 src/main.o
                0x0080050a                YEARin
 .bss.DATEin    0x0080050b        0x1 src/main.o
                0x0080050b                DATEin
 .bss.MONTHin   0x0080050c        0x1 src/main.o
                0x0080050c                MONTHin
 .bss.HOURin    0x0080050d        0x1 src/main.o
                0x0080050d                HOURin
 .bss.MINin     0x0080050e        0x1 src/main.o
                0x0080050e                MINin
 .bss.SECin     0x0080050f        0x1 src/main.o
                0x0080050f                SECin
 .bss.T2TickCount
                0x00800510        0x2 src/main.o
                0x00800510                T2TickCount
 .bss.SAVED_DATA
                0x00800512        0x2 src/main.o
                0x00800512                SAVED_DATA
 .bss.INTERV    0x00800514        0x1 src/main.o
                0x00800514                INTERV
 .bss.SEC_DISP  0x00800515        0x1 src/main.o
                0x00800515                SEC_DISP
 .bss.DATATIMECOUNT
                0x00800516        0x2 src/main.o
                0x00800516                DATATIMECOUNT
 .bss.FANSR     0x00800518        0x1 src/main.o
                0x00800518                FANSR
 .bss.FANMR     0x00800519        0x1 src/main.o
                0x00800519                FANMR
 .bss.FANHR     0x0080051a        0x1 src/main.o
                0x0080051a                FANHR
 .bss.FANS      0x0080051b        0x1 src/main.o
                0x0080051b                FANS
 .bss.FANM      0x0080051c        0x1 src/main.o
                0x0080051c                FANM
 .bss.FANH      0x0080051d        0x1 src/main.o
                0x0080051d                FANH
 .bss.TEX       0x0080051e        0x1 src/main.o
                0x0080051e                TEX
 .bss.ROOMHIGH  0x0080051f        0x1 src/main.o
                0x0080051f                ROOMHIGH
 .bss.RECONNECT_VOLT_SET
                0x00800520        0x2 src/main.o
                0x00800520                RECONNECT_VOLT_SET
 .bss.LOWV_SET  0x00800522        0x2 src/main.o
                0x00800522                LOWV_SET
 .bss.FJAMCNTR  0x00800524        0x2 src/main.o
                0x00800524                FJAMCNTR
 .bss.EXD       0x00800526        0x2 src/main.o
                0x00800526                EXD
 .bss.Speed1    0x00800528        0x2 src/main.o
                0x00800528                Speed1
 .bss.Pulse     0x0080052a        0x2 src/main.o
                0x0080052a                Pulse
 .bss.humcntr2  0x0080052c        0x1 src/main.o
                0x0080052c                humcntr2
 .bss.humcntr1  0x0080052d        0x1 src/main.o
                0x0080052d                humcntr1
 .bss.FJAM      0x0080052e        0x1 src/main.o
                0x0080052e                FJAM
 .bss.ONBIT     0x0080052f        0x1 src/main.o
                0x0080052f                ONBIT
 .bss.blink_FLV
                0x00800530        0x1 src/main.o
                0x00800530                blink_FLV
 .bss.FLVD      0x00800531        0x1 src/main.o
                0x00800531                FLVD
 .bss.lvcntr1   0x00800532        0x1 src/main.o
                0x00800532                lvcntr1
 .bss.blink_FF  0x00800533        0x1 src/main.o
                0x00800533                blink_FF
 .bss.EXDBIT    0x00800534        0x1 src/main.o
                0x00800534                EXDBIT
 .bss.FFLT      0x00800535        0x1 src/main.o
                0x00800535                FFLT
 .bss.FC        0x00800536        0x1 src/main.o
                0x00800536                FC
 .bss.lvcntr2   0x00800537        0x2 src/main.o
                0x00800537                lvcntr2
 .bss.mma       0x00800539        0x1 src/main.o
                0x00800539                mma
 .bss.ssa       0x0080053a        0x1 src/main.o
                0x0080053a                ssa
 .bss.hha       0x0080053b        0x1 src/main.o
                0x0080053b                hha
 .bss.mmf       0x0080053c        0x1 src/main.o
                0x0080053c                mmf
 .bss.ssf       0x0080053d        0x1 src/main.o
                0x0080053d                ssf
 .bss.hhf       0x0080053e        0x1 src/main.o
                0x0080053e                hhf
 .bss.tmpsave2  0x0080053f        0x1 src/main.o
                0x0080053f                tmpsave2
 .bss.tmpsave1  0x00800540        0x1 src/main.o
                0x00800540                tmpsave1
 .bss.mm        0x00800541        0x1 src/main.o
                0x00800541                mm
 .bss.ss        0x00800542        0x1 src/main.o
                0x00800542                ss
 .bss.hh        0x00800543        0x1 src/main.o
                0x00800543                hh
 .bss.cnTT2     0x00800544        0x1 src/main.o
                0x00800544                cnTT2
 .bss.cnTT1     0x00800545        0x1 src/main.o
                0x00800545                cnTT1
 .bss.PDB       0x00800546        0x2 src/main.o
                0x00800546                PDB
 .bss.PDB_AVG   0x00800548        0x2 src/main.o
                0x00800548                PDB_AVG
 .bss.ADAVGCNTR4
                0x0080054a        0x2 src/main.o
                0x0080054a                ADAVGCNTR4
 .bss.PDB_temp  0x0080054c        0x2 src/main.o
                0x0080054c                PDB_temp
 .bss.ADAVGCNTR
                0x0080054e        0x2 src/main.o
                0x0080054e                ADAVGCNTR
 .bss.BTVOLT    0x00800550        0x4 src/main.o
                0x00800550                BTVOLT
 .bss.floatvalAVG
                0x00800554        0x4 src/main.o
                0x00800554                floatvalAVG
 .bss.floatvalB
                0x00800558        0x4 src/main.o
                0x00800558                floatvalB
 .bss.RPM       0x0080055c        0x2 src/main.o
                0x0080055c                RPM
 .bss.FANFAULTY
                0x0080055e        0x2 src/main.o
                0x0080055e                FANFAULTY
 .bss.VALUE5    0x00800560        0x2 src/main.o
                0x00800560                VALUE5
 .bss.ACFAULTY  0x00800562        0x2 src/main.o
                0x00800562                ACFAULTY
 .bss.F_OF_CNTR
                0x00800564        0x2 src/main.o
                0x00800564                F_OF_CNTR
 .bss.OF_CNTR   0x00800566        0x2 src/main.o
                0x00800566                OF_CNTR
 .bss.ON_CNTR   0x00800568        0x2 src/main.o
                0x00800568                ON_CNTR
 .bss.TAVGCN1   0x0080056a        0x1 src/main.o
                0x0080056a                TAVGCN1
 .bss.TAVGCN2   0x0080056b        0x1 src/main.o
                0x0080056b                TAVGCN2
 .bss.EXTR_HIGH
                0x0080056c        0x1 src/main.o
                0x0080056c                EXTR_HIGH
 .bss.COMPOWER  0x0080056d        0x1 src/main.o
                0x0080056d                COMPOWER
 .bss.FANMODE   0x0080056e        0x1 src/main.o
                0x0080056e                FANMODE
 .bss.ACMODE    0x0080056f        0x1 src/main.o
                0x0080056f                ACMODE
 .bss.HuT       0x00800570        0x2 src/main.o
                0x00800570                HuT
 .bss.TEMP_AVG1
                0x00800572        0x2 src/main.o
                0x00800572                TEMP_AVG1
 .bss.TEMP_AVG2
                0x00800574        0x2 src/main.o
                0x00800574                TEMP_AVG2
 .bss.PASS      0x00800576        0x1 src/main.o
                0x00800576                PASS
 .bss.POK       0x00800577        0x1 src/main.o
                0x00800577                POK
 .bss.ssaa      0x00800578        0x2 src/main.o
                0x00800578                ssaa
 .bss.sub_level2
                0x0080057a        0x2 src/main.o
                0x0080057a                sub_level2
 .bss.LeisureBIT
                0x0080057c        0x2 src/main.o
                0x0080057c                LeisureBIT
 .bss.MAINMENU  0x0080057e        0x2 src/main.o
                0x0080057e                MAINMENU
 .bss.ACDELAY   0x00800580        0x1 src/main.o
                0x00800580                ACDELAY
 .bss.ACREST    0x00800581        0x1 src/main.o
                0x00800581                ACREST
 .bss.FANREST   0x00800582        0x1 src/main.o
                0x00800582                FANREST
 .bss.VALUE4    0x00800583        0x1 src/main.o
                0x00800583                VALUE4
 .bss.VALUE3    0x00800584        0x1 src/main.o
                0x00800584                VALUE3
 .bss.blink     0x00800585        0x1 src/main.o
                0x00800585                blink
 .bss.VALUE2    0x00800586        0x1 src/main.o
                0x00800586                VALUE2
 .bss.sub_level
                0x00800587        0x1 src/main.o
                0x00800587                sub_level
 .bss.level     0x00800588        0x1 src/main.o
                0x00800588                level
 .bss.BUTTON    0x00800589        0x1 src/main.o
                0x00800589                BUTTON
 .bss.SFTM_ITM  0x0080058a        0x1 src/main.o
                0x0080058a                SFTM_ITM
 .bss.TOUT      0x0080058b        0x2 src/main.o
                0x0080058b                TOUT
 .bss.TROOM     0x0080058d        0x2 src/main.o
                0x0080058d                TROOM
 .bss.SP_DIFF   0x0080058f        0x1 src/main.o
                0x0080058f                SP_DIFF
 .bss.extcntr2  0x00800590        0x1 src/main.o
                0x00800590                extcntr2
 .bss.extcntr1  0x00800591        0x1 src/main.o
                0x00800591                extcntr1
 .bss.fjamcntr2
                0x00800592        0x1 src/main.o
                0x00800592                fjamcntr2
 .bss.fjamcntr1
                0x00800593        0x1 src/main.o
                0x00800593                fjamcntr1
 .bss.FIRE_ALARM
                0x00800594        0x1 src/main.o
                0x00800594                FIRE_ALARM
 .bss.RPMWORKS  0x00800595        0x2 src/main.o
                0x00800595                RPMWORKS
 .bss.RESET_CNTR1
                0x00800597        0x2 src/main.o
                0x00800597                RESET_CNTR1
 .bss.BUZZERCNTR2
                0x00800599        0x2 src/main.o
                0x00800599                BUZZERCNTR2
 .bss.BUZZER2   0x0080059b        0x2 src/main.o
                0x0080059b                BUZZER2
 .bss.BUZZERCNTR
                0x0080059d        0x2 src/main.o
                0x0080059d                BUZZERCNTR
 .bss.FANRESETCNTR
                0x0080059f        0x1 src/main.o
                0x0080059f                FANRESETCNTR
 .bss.FANRESET  0x008005a0        0x1 src/main.o
                0x008005a0                FANRESET
 .bss.FANL      0x008005a1        0x1 src/main.o
                0x008005a1                FANL
 .bss.data_count
                0x008005a2        0x1 src/main.o
                0x008005a2                data_count
 *(COMMON)
 COMMON         0x008005a3      0x118 src/main.o
                0x008005a3                StopString
                0x008005c7                rtc_register
                0x008005ce                uchar
                0x008005d1                DataContent
                0x008005f5                data_in
                0x00800618                FHUM
                0x0080061a                tot_overflow
                0x0080061c                Did
                0x0080061e                VOLT
                0x00800622                aE
                0x0080066d                time
                0x00800677                cnttime
                0x00800678                day
                0x00800679                ADAVGCNTR2
                0x0080067b                date
                0x00800687                gSensorIDs
                0x008006af                ch
                0x008006b9                ADAVGCNTR3
                0x008006bb                PROVIDE (__bss_end, .)
                0x00004314                __data_load_start = LOADADDR (.data)
                0x0000471a                __data_load_end = (__data_load_start + SIZEOF (.data))

.noinit         0x008006bb        0x0
                [!provide]                PROVIDE (__noinit_start, .)
 *(.noinit*)
                [!provide]                PROVIDE (__noinit_end, .)
                0x008006bb                _end = .
                [!provide]                PROVIDE (__heap_start, .)

.eeprom         0x00810000        0x0
 *(.eeprom*)
                0x00810000                __eeprom_end = .

.fuse
 *(.fuse)
 *(.lfuse)
 *(.hfuse)
 *(.efuse)

.lock
 *(.lock*)

.signature
 *(.signature*)

.user_signatures
 *(.user_signatures*)

.stab
 *(.stab)

.stabstr
 *(.stabstr)

.stab.excl
 *(.stab.excl)

.stab.exclstr
 *(.stab.exclstr)

.stab.index
 *(.stab.index)

.stab.indexstr
 *(.stab.indexstr)

.comment        0x00000000       0x30
 *(.comment)
 .comment       0x00000000       0x30 src/main.o
                                 0x31 (size before relaxing)

.note.gnu.avr.deviceinfo
                0x00000000       0x3c
 .note.gnu.avr.deviceinfo
                0x00000000       0x3c C:/Program Files (x86)/Atmel/Studio/7.0/Packs/atmel/ATmega_DFP/1.2.209/gcc/dev/atmega128/avr51/crtatmega128.o

.note.gnu.build-id
 *(.note.gnu.build-id)

.debug
 *(.debug)

.line
 *(.line)

.debug_srcinfo
 *(.debug_srcinfo)

.debug_sfnames
 *(.debug_sfnames)

.debug_aranges  0x00000000       0xa0
 *(.debug_aranges)
 .debug_aranges
                0x00000000       0x20 C:/Program Files (x86)/Atmel/Studio/7.0/Packs/atmel/ATmega_DFP/1.2.209/gcc/dev/atmega128/avr51\libatmega128.a(eerd_byte.o)
 .debug_aranges
                0x00000020       0x20 C:/Program Files (x86)/Atmel/Studio/7.0/Packs/atmel/ATmega_DFP/1.2.209/gcc/dev/atmega128/avr51\libatmega128.a(eerd_word.o)
 .debug_aranges
                0x00000040       0x20 C:/Program Files (x86)/Atmel/Studio/7.0/Packs/atmel/ATmega_DFP/1.2.209/gcc/dev/atmega128/avr51\libatmega128.a(eewr_byte.o)
 .debug_aranges
                0x00000060       0x20 C:/Program Files (x86)/Atmel/Studio/7.0/Packs/atmel/ATmega_DFP/1.2.209/gcc/dev/atmega128/avr51\libatmega128.a(eewr_word.o)
 .debug_aranges
                0x00000080       0x20 C:/Program Files (x86)/Atmel/Studio/7.0/Packs/atmel/ATmega_DFP/1.2.209/gcc/dev/atmega128/avr51\libatmega128.a(eerd_block.o)

.debug_pubnames
 *(.debug_pubnames)

.debug_info     0x00000000      0xadd
 *(.debug_info .gnu.linkonce.wi.*)
 .debug_info    0x00000000      0x780 C:/Program Files (x86)/Atmel/Studio/7.0/Packs/atmel/ATmega_DFP/1.2.209/gcc/dev/atmega128/avr51/crtatmega128.o
 .debug_info    0x00000780       0xac C:/Program Files (x86)/Atmel/Studio/7.0/Packs/atmel/ATmega_DFP/1.2.209/gcc/dev/atmega128/avr51\libatmega128.a(eerd_byte.o)
 .debug_info    0x0000082c       0xac C:/Program Files (x86)/Atmel/Studio/7.0/Packs/atmel/ATmega_DFP/1.2.209/gcc/dev/atmega128/avr51\libatmega128.a(eerd_word.o)
 .debug_info    0x000008d8       0xac C:/Program Files (x86)/Atmel/Studio/7.0/Packs/atmel/ATmega_DFP/1.2.209/gcc/dev/atmega128/avr51\libatmega128.a(eewr_byte.o)
 .debug_info    0x00000984       0xac C:/Program Files (x86)/Atmel/Studio/7.0/Packs/atmel/ATmega_DFP/1.2.209/gcc/dev/atmega128/avr51\libatmega128.a(eewr_word.o)
 .debug_info    0x00000a30       0xad C:/Program Files (x86)/Atmel/Studio/7.0/Packs/atmel/ATmega_DFP/1.2.209/gcc/dev/atmega128/avr51\libatmega128.a(eerd_block.o)

.debug_abbrev   0x00000000      0x77c
 *(.debug_abbrev)
 .debug_abbrev  0x00000000      0x718 C:/Program Files (x86)/Atmel/Studio/7.0/Packs/atmel/ATmega_DFP/1.2.209/gcc/dev/atmega128/avr51/crtatmega128.o
 .debug_abbrev  0x00000718       0x14 C:/Program Files (x86)/Atmel/Studio/7.0/Packs/atmel/ATmega_DFP/1.2.209/gcc/dev/atmega128/avr51\libatmega128.a(eerd_byte.o)
 .debug_abbrev  0x0000072c       0x14 C:/Program Files (x86)/Atmel/Studio/7.0/Packs/atmel/ATmega_DFP/1.2.209/gcc/dev/atmega128/avr51\libatmega128.a(eerd_word.o)
 .debug_abbrev  0x00000740       0x14 C:/Program Files (x86)/Atmel/Studio/7.0/Packs/atmel/ATmega_DFP/1.2.209/gcc/dev/atmega128/avr51\libatmega128.a(eewr_byte.o)
 .debug_abbrev  0x00000754       0x14 C:/Program Files (x86)/Atmel/Studio/7.0/Packs/atmel/ATmega_DFP/1.2.209/gcc/dev/atmega128/avr51\libatmega128.a(eewr_word.o)
 .debug_abbrev  0x00000768       0x14 C:/Program Files (x86)/Atmel/Studio/7.0/Packs/atmel/ATmega_DFP/1.2.209/gcc/dev/atmega128/avr51\libatmega128.a(eerd_block.o)

.debug_line     0x00000000      0x3e8
 *(.debug_line .debug_line.* .debug_line_end)
 .debug_line    0x00000000      0x169 C:/Program Files (x86)/Atmel/Studio/7.0/Packs/atmel/ATmega_DFP/1.2.209/gcc/dev/atmega128/avr51/crtatmega128.o
 .debug_line    0x00000169       0x7a C:/Program Files (x86)/Atmel/Studio/7.0/Packs/atmel/ATmega_DFP/1.2.209/gcc/dev/atmega128/avr51\libatmega128.a(eerd_byte.o)
 .debug_line    0x000001e3       0x67 C:/Program Files (x86)/Atmel/Studio/7.0/Packs/atmel/ATmega_DFP/1.2.209/gcc/dev/atmega128/avr51\libatmega128.a(eerd_word.o)
 .debug_line    0x0000024a       0x98 C:/Program Files (x86)/Atmel/Studio/7.0/Packs/atmel/ATmega_DFP/1.2.209/gcc/dev/atmega128/avr51\libatmega128.a(eewr_byte.o)
 .debug_line    0x000002e2       0x5b C:/Program Files (x86)/Atmel/Studio/7.0/Packs/atmel/ATmega_DFP/1.2.209/gcc/dev/atmega128/avr51\libatmega128.a(eewr_word.o)
 .debug_line    0x0000033d       0xab C:/Program Files (x86)/Atmel/Studio/7.0/Packs/atmel/ATmega_DFP/1.2.209/gcc/dev/atmega128/avr51\libatmega128.a(eerd_block.o)

.debug_frame
 *(.debug_frame)

.debug_str      0x00000000      0x27d
 *(.debug_str)
 .debug_str     0x00000000      0x27d C:/Program Files (x86)/Atmel/Studio/7.0/Packs/atmel/ATmega_DFP/1.2.209/gcc/dev/atmega128/avr51/crtatmega128.o

.debug_loc
 *(.debug_loc)

.debug_macinfo
 *(.debug_macinfo)

.debug_weaknames
 *(.debug_weaknames)

.debug_funcnames
 *(.debug_funcnames)

.debug_typenames
 *(.debug_typenames)

.debug_varnames
 *(.debug_varnames)

.debug_pubtypes
 *(.debug_pubtypes)

.debug_ranges
 *(.debug_ranges)

.debug_macro
 *(.debug_macro)
OUTPUT(15March_HS.elf elf32-avr)
LOAD linker stubs
